Archive member included because of file (symbol)

C:/SiliconLabs/SimplicityStudio/v4/developer/sdks/gecko_sdk_suite/v1.0//protocol/bluetooth_2.3/lib/EFR32BG1B/GCC/bgapi.a(gecko_bgapi_hardware.c.obj)
                              ./main.o (gecko_bgapi_class_hardware_init)
C:/SiliconLabs/SimplicityStudio/v4/developer/sdks/gecko_sdk_suite/v1.0//protocol/bluetooth_2.3/lib/EFR32BG1B/GCC/bgapi.a(gecko_bgapi_test.c.obj)
                              ./main.o (gecko_bgapi_class_test_init)
C:/SiliconLabs/SimplicityStudio/v4/developer/sdks/gecko_sdk_suite/v1.0//protocol/bluetooth_2.3/lib/EFR32BG1B/GCC/bgapi.a(gecko_bgapi_util.c.obj)
                              ./main.o (gecko_bgapi_class_util_init)
C:/SiliconLabs/SimplicityStudio/v4/developer/sdks/gecko_sdk_suite/v1.0//protocol/bluetooth_2.3/lib/EFR32BG1B/GCC/bgapi.a(gecko_bgapi_dfu.c.obj)
                              ./main.o (gecko_bgapi_class_dfu_init)
C:/SiliconLabs/SimplicityStudio/v4/developer/sdks/gecko_sdk_suite/v1.0//protocol/bluetooth_2.3/lib/EFR32BG1B/GCC/bgapi.a(gecko_bgapi_gap.c.obj)
                              ./main.o (gecko_bgapi_class_le_gap_init)
C:/SiliconLabs/SimplicityStudio/v4/developer/sdks/gecko_sdk_suite/v1.0//protocol/bluetooth_2.3/lib/EFR32BG1B/GCC/bgapi.a(gecko_bgapi_gatt.c.obj)
                              ./main.o (gecko_bgapi_class_gatt_init)
C:/SiliconLabs/SimplicityStudio/v4/developer/sdks/gecko_sdk_suite/v1.0//protocol/bluetooth_2.3/lib/EFR32BG1B/GCC/bgapi.a(gecko_bgapi_gatt_server.c.obj)
                              ./main.o (gecko_bgapi_class_gatt_server_init)
C:/SiliconLabs/SimplicityStudio/v4/developer/sdks/gecko_sdk_suite/v1.0//protocol/bluetooth_2.3/lib/EFR32BG1B/GCC/bgapi.a(gecko_bgapi_flash.c.obj)
                              ./main.o (gecko_bgapi_class_flash_init)
C:/SiliconLabs/SimplicityStudio/v4/developer/sdks/gecko_sdk_suite/v1.0//protocol/bluetooth_2.3/lib/EFR32BG1B/GCC/bgapi.a(gecko_bgapi_sm.c.obj)
                              ./main.o (gecko_bgapi_class_sm_init)
C:/SiliconLabs/SimplicityStudio/v4/developer/sdks/gecko_sdk_suite/v1.0//protocol/bluetooth_2.3/lib/EFR32BG1B/GCC/bgapi.a(gecko_bgapi_system.c.obj)
                              ./main.o (gecko_bgapi_class_system_init)
C:/SiliconLabs/SimplicityStudio/v4/developer/sdks/gecko_sdk_suite/v1.0//protocol/bluetooth_2.3/lib/EFR32BG1B/GCC/bgapi.a(gecko_bgapi_endpoint.c.obj)
                              ./main.o (gecko_bgapi_class_endpoint_init)
C:/SiliconLabs/SimplicityStudio/v4/developer/sdks/gecko_sdk_suite/v1.0//protocol/bluetooth_2.3/lib/EFR32BG1B/GCC/bgapi.a(gecko_bgapi_le_connection.c.obj)
                              ./main.o (gecko_bgapi_class_le_connection_init)
C:/SiliconLabs/SimplicityStudio/v4/developer/sdks/gecko_sdk_suite/v1.0//protocol/bluetooth_2.3/lib/EFR32BG1B/GCC/bgapi.a(bgapi_hardware_lib.c.obj)
                              C:/SiliconLabs/SimplicityStudio/v4/developer/sdks/gecko_sdk_suite/v1.0//protocol/bluetooth_2.3/lib/EFR32BG1B/GCC/bgapi.a(gecko_bgapi_hardware.c.obj) (gecko_cmd_hardware_read_i2c)
C:/SiliconLabs/SimplicityStudio/v4/developer/sdks/gecko_sdk_suite/v1.0//protocol/bluetooth_2.3/lib/EFR32BG1B/GCC/bgapi.a(bgapi_hardware.c.obj)
                              C:/SiliconLabs/SimplicityStudio/v4/developer/sdks/gecko_sdk_suite/v1.0//protocol/bluetooth_2.3/lib/EFR32BG1B/GCC/bgapi.a(gecko_bgapi_hardware.c.obj) (lib_hardware_handler_init)
C:/SiliconLabs/SimplicityStudio/v4/developer/sdks/gecko_sdk_suite/v1.0//protocol/bluetooth_2.3/lib/EFR32BG1B/GCC/bgapi.a(bgapi_test_lib.c.obj)
                              C:/SiliconLabs/SimplicityStudio/v4/developer/sdks/gecko_sdk_suite/v1.0//protocol/bluetooth_2.3/lib/EFR32BG1B/GCC/bgapi.a(gecko_bgapi_test.c.obj) (lib_test_handler_init)
C:/SiliconLabs/SimplicityStudio/v4/developer/sdks/gecko_sdk_suite/v1.0//protocol/bluetooth_2.3/lib/EFR32BG1B/GCC/bgapi.a(bgapi_util.c.obj)
                              C:/SiliconLabs/SimplicityStudio/v4/developer/sdks/gecko_sdk_suite/v1.0//protocol/bluetooth_2.3/lib/EFR32BG1B/GCC/bgapi.a(gecko_bgapi_util.c.obj) (lib_util_handler_init)
C:/SiliconLabs/SimplicityStudio/v4/developer/sdks/gecko_sdk_suite/v1.0//protocol/bluetooth_2.3/lib/EFR32BG1B/GCC/bgapi.a(bgapi_dfu.c.obj)
                              C:/SiliconLabs/SimplicityStudio/v4/developer/sdks/gecko_sdk_suite/v1.0//protocol/bluetooth_2.3/lib/EFR32BG1B/GCC/bgapi.a(gecko_bgapi_dfu.c.obj) (lib_dfu_handler_init)
C:/SiliconLabs/SimplicityStudio/v4/developer/sdks/gecko_sdk_suite/v1.0//protocol/bluetooth_2.3/lib/EFR32BG1B/GCC/bgapi.a(bgapi_gap.c.obj)
                              C:/SiliconLabs/SimplicityStudio/v4/developer/sdks/gecko_sdk_suite/v1.0//protocol/bluetooth_2.3/lib/EFR32BG1B/GCC/bgapi.a(gecko_bgapi_gap.c.obj) (lib_le_gap_handler_init)
C:/SiliconLabs/SimplicityStudio/v4/developer/sdks/gecko_sdk_suite/v1.0//protocol/bluetooth_2.3/lib/EFR32BG1B/GCC/bgapi.a(bgapi_gatt_lib.c.obj)
[...]
Memory Configuration

Name             Origin             Length             Attributes
FLASH            0x00000000         0x0003f000         xr
RAM              0x20003000         0x00004bfc         xrw
*default*        0x00000000         0xffffffff

Linker script and memory map

LOAD c:/siliconlabs/simplicitystudio/v4/developer/toolchains/gnu_arm/4.9_2015q3/bin/../lib/gcc/arm-none-eabi/4.9.3/armv7e-m/softfp/crti.o
LOAD c:/siliconlabs/simplicitystudio/v4/developer/toolchains/gnu_arm/4.9_2015q3/bin/../lib/gcc/arm-none-eabi/4.9.3/armv7e-m/softfp/crtbegin.o
LOAD c:/siliconlabs/simplicitystudio/v4/developer/toolchains/gnu_arm/4.9_2015q3/bin/../lib/gcc/arm-none-eabi/4.9.3/../../../../arm-none-eabi/lib/armv7e-m/softfp/crt0.o
LOAD ./advertisement.o
LOAD ./app.o
LOAD ./app_hw.o
LOAD ./app_ui.o
LOAD ./application_properties.o
LOAD ./beacon.o
LOAD ./ble-callback-stubs.o
LOAD ./ble-callbacks.o
LOAD ./gatt_db.o
LOAD ./graphics.o
LOAD ./htm.o
LOAD ./ia.o
LOAD ./main.o
LOAD ./bgapi/dmadrv.o
LOAD ./bgapi/em_adc.o
LOAD ./bgapi/em_ldma.o
LOAD ./bgapi/em_leuart.o
LOAD ./device/EFR32_B_1_1_B/gcc/startup_efr32bg1b.o
LOAD ./emlib/em_cmu.o
LOAD ./emlib/em_cryotimer.o
LOAD ./emlib/em_emu.o
LOAD ./emlib/em_gpio.o
LOAD ./emlib/em_i2c.o
LOAD ./emlib/em_msc.o
LOAD ./emlib/em_rtcc.o
LOAD ./emlib/em_system.o
LOAD ./emlib/em_usart.o
LOAD ./glib/BRD4300C/bmp.o
LOAD ./glib/BRD4300C/dmd_display.o
LOAD ./glib/BRD4300C/glib.o
LOAD ./glib/BRD4300C/glib_bitmap.o
LOAD ./glib/BRD4300C/glib_circle.o
LOAD ./glib/BRD4300C/glib_font_narrow_6x8.o
LOAD ./glib/BRD4300C/glib_font_normal_8x8.o
LOAD ./glib/BRD4300C/glib_font_number_16x20.o
LOAD ./glib/BRD4300C/glib_line.o
LOAD ./glib/BRD4300C/glib_polygon.o
LOAD ./glib/BRD4300C/glib_rectangle.o
LOAD ./glib/BRD4300C/glib_string.o
LOAD ./kit/BRD4300C/bsp_bcc.o
LOAD ./kit/BRD4300C/bsp_stk.o
LOAD ./kit/BRD4300C/bsp_stk_leds.o
LOAD ./kit/BRD4300C/i2cspm.o
LOAD ./kit/BRD4300C/si7013.o
LOAD ./kit/BRD4300C/tempsens.o
LOAD ./kit/BRD4300C/udelay.o
LOAD ./kit_lcd/BRD4300C/display.o
LOAD ./kit_lcd/BRD4300C/displayls013b7dh03.o
LOAD ./kit_lcd/BRD4300C/displaypalemlib.o
LOAD ./src/InitDevice.o
LOAD C:/SiliconLabs/SimplicityStudio/v4/developer/sdks/gecko_sdk_suite/v1.0//protocol/bluetooth_2.3/lib/EFR32BG1B/EABI/binbootloader.o
LOAD C:/SiliconLabs/SimplicityStudio/v4/developer/sdks/gecko_sdk_suite/v1.0//protocol/bluetooth_2.3/lib/EFR32BG1B/GCC/bgapi.a
LOAD C:/SiliconLabs/SimplicityStudio/v4/developer/sdks/gecko_sdk_suite/v1.0//protocol/bluetooth_2.3/lib/EFR32BG1B/EABI/stack.a
LOAD C:/SiliconLabs/SimplicityStudio/v4/developer/sdks/gecko_sdk_suite/v1.0//protocol/bluetooth_2.3/lib/EFR32BG1B/EABI/binstack.o
LOAD c:/siliconlabs/simplicitystudio/v4/developer/toolchains/gnu_arm/4.9_2015q3/bin/../lib/gcc/arm-none-eabi/4.9.3/../../../../arm-none-eabi/lib/armv7e-m/softfp\libm.a
START GROUP
LOAD c:/siliconlabs/simplicitystudio/v4/developer/toolchains/gnu_arm/4.9_2015q3/bin/../lib/gcc/arm-none-eabi/4.9.3/armv7e-m/softfp\libgcc.a
LOAD c:/siliconlabs/simplicitystudio/v4/developer/toolchains/gnu_arm/4.9_2015q3/bin/../lib/gcc/arm-none-eabi/4.9.3/../../../../arm-none-eabi/lib/armv7e-m/softfp\libc.a
LOAD c:/siliconlabs/simplicitystudio/v4/developer/toolchains/gnu_arm/4.9_2015q3/bin/../lib/gcc/arm-none-eabi/4.9.3/../../../../arm-none-eabi/lib/armv7e-m/softfp\libnosys.a
END GROUP
START GROUP
LOAD c:/siliconlabs/simplicitystudio/v4/developer/toolchains/gnu_arm/4.9_2015q3/bin/../lib/gcc/arm-none-eabi/4.9.3/armv7e-m/softfp\libgcc.a
LOAD c:/siliconlabs/simplicitystudio/v4/developer/toolchains/gnu_arm/4.9_2015q3/bin/../lib/gcc/arm-none-eabi/4.9.3/../../../../arm-none-eabi/lib/armv7e-m/softfp\libg.a
LOAD c:/siliconlabs/simplicitystudio/v4/developer/toolchains/gnu_arm/4.9_2015q3/bin/../lib/gcc/arm-none-eabi/4.9.3/../../../../arm-none-eabi/lib/armv7e-m/softfp\libc.a
END GROUP
LOAD c:/siliconlabs/simplicitystudio/v4/developer/toolchains/gnu_arm/4.9_2015q3/bin/../lib/gcc/arm-none-eabi/4.9.3/armv7e-m/softfp/crtend.o
LOAD c:/siliconlabs/simplicitystudio/v4/developer/toolchains/gnu_arm/4.9_2015q3/bin/../lib/gcc/arm-none-eabi/4.9.3/armv7e-m/softfp/crtn.o

.text_bootloader
                0x00000000     0x4000
 *(.binbootloader*)
 .binbootloader
                0x00000000      0x31c C:/SiliconLabs/SimplicityStudio/v4/developer/sdks/gecko_sdk_suite/v1.0//protocol/bluetooth_2.3/lib/EFR32BG1B/EABI/binbootloader.o
                0x00004000                . = ALIGN (0x4000)
 *fill*         0x0000031c     0x3ce4 

.text_stack_bin
                0x00004000    0x1d000
 *(.binstack*)
 .binstack      0x00004000    0x1c9e4 C:/SiliconLabs/SimplicityStudio/v4/developer/sdks/gecko_sdk_suite/v1.0//protocol/bluetooth_2.3/lib/EFR32BG1B/EABI/binstack.o
                0x00021000                . = ALIGN (0x800)
 *fill*         0x000209e4      0x61c 
                0x00021000                __text_start__ = .

.text_app       0x00021000     0xcecc
 *(.AAT)
 .AAT           0x00021000       0x80 ./main.o
                0x00021000                AppAddressTable
 *(.vectors)
 .vectors       0x00021080       0xc8 ./device/EFR32_B_1_1_B/gcc/startup_efr32bg1b.o
                0x00021080                __Vectors
                0x00021148                __Vectors_End = .
                0x000000c8                __Vectors_Size = (__Vectors_End - __Vectors)
                0x00021148                __end__ = .
 *(.gecko_configuration)
 *(.xo_configuration)
 *(.gatt_header)
 .gatt_header   0x00021148       0x30 ./gatt_db.o
                0x00021148                bg_gattdb_data
 *(.gatt_data)
 .gatt_data     0x00021178      0x364 ./gatt_db.o
                0x00021178                bg_gattdb_data_adv_uuid128_map
                0x00021188                bg_gattdb_data_adv_uuid16_map
                0x0002118c                bg_gattdb_data_attributes_dynamic_mapping_map
                0x000211a0                bg_gattdb_data_attributes_map
                0x00021338                bg_gattdb_data_attribute_field_0
                0x0002133c                bg_gattdb_data_attribute_field_1
                0x00021344                bg_gattdb_data_attribute_field_2
                0x0002134c                bg_gattdb_data_attribute_field_4
                0x00021350                bg_gattdb_data_attribute_field_5
                0x00021358                bg_gattdb_data_attribute_field_6
                0x00021360                bg_gattdb_data_attribute_field_7
                0x00021368                bg_gattdb_data_attribute_field_8
                0x0002136c                bg_gattdb_data_attribute_field_9
                0x00021370                bg_gattdb_data_attribute_field_10
                0x00021378                bg_gattdb_data_attribute_field_11
                0x00021388                bg_gattdb_data_attribute_field_12
                0x0002138c                bg_gattdb_data_attribute_field_13
                0x00021394                bg_gattdb_data_attribute_field_14
                0x0002139c                bg_gattdb_data_attribute_field_16
                0x000213a4                bg_gattdb_data_attribute_field_17
                0x000213ac                bg_gattdb_data_attribute_field_18
                0x000213b4                bg_gattdb_data_attribute_field_19
                0x000213bc                bg_gattdb_data_attribute_field_21
                0x000213c4                bg_gattdb_data_attribute_field_22
                0x000213cc                bg_gattdb_data_attribute_field_23
                0x000213d0                bg_gattdb_data_attribute_field_24
                0x000213d8                bg_gattdb_data_attribute_field_25
                0x000213e0                bg_gattdb_data_attribute_field_26
                0x000213f4                bg_gattdb_data_attribute_field_27
                0x0002140c                bg_gattdb_data_attribute_field_28
                0x00021414                bg_gattdb_data_attribute_field_29
                0x00021428                bg_gattdb_data_attribute_field_30
                0x00021440                bg_gattdb_data_attribute_field_31
                0x00021448                bg_gattdb_data_attribute_field_32
                0x00021460                bg_gattdb_data_attribute_field_33
                0x00021468                bg_gattdb_data_uuidtable_128_map
                0x000214b8                bg_gattdb_data_uuidtable_16_map
 *(.text*)
 .text          0x000214dc       0x5c c:/siliconlabs/simplicitystudio/v4/developer/toolchains/gnu_arm/4.9_2015q3/bin/../lib/gcc/arm-none-eabi/4.9.3/armv7e-m/softfp/crtbegin.o
 .text          0x00021538       0x74 c:/siliconlabs/simplicitystudio/v4/developer/toolchains/gnu_arm/4.9_2015q3/bin/../lib/gcc/arm-none-eabi/4.9.3/../../../../arm-none-eabi/lib/armv7e-m/softfp/crt0.o
                0x00021538                _start
                0x00021538                _mainCRTStartup
 .text.advSetup
                0x000215ac       0x4c ./advertisement.o
                0x000215ac                advSetup
 .text.advSwitchAdvMessage
                0x000215f8       0x44 ./advertisement.o
                0x000215f8                advSwitchAdvMessage
 .text.advConnectionStarted
                0x0002163c        0xc ./advertisement.o
                0x0002163c                advConnectionStarted
 .text.appInit  0x00021648       0x88 ./app.o
                0x00021648                appInit
 .text.appHandleEvents
                0x000216d0      0x138 ./app.o
                0x000216d0                appHandleEvents
 .text.rtcIntCallbackRegister
                0x00021808        0x4 ./app.o
                0x00021808                rtcIntCallbackRegister
 .text.appBtnCback
                0x0002180c        0xc ./app_hw.o
 .text.appHwInit
                0x00021818       0x34 ./app_hw.o
                0x00021818                appHwInit
 .text.appHwReadTm
                0x0002184c       0x20 ./app_hw.o
                0x0002184c                appHwReadTm
 .text.appUiBtnRegister
                0x0002186c        0xc ./app_ui.o
                0x0002186c                appUiBtnRegister
 .text.appUiLedOff
                0x00021878       0x10 ./app_ui.o
                0x00021878                appUiLedOff
 .text.appUiLedLowAlert
                0x00021888       0x10 ./app_ui.o
                0x00021888                appUiLedLowAlert
 .text.appUiLedHighAlert
                0x00021898       0x10 ./app_ui.o
                0x00021898                appUiLedHighAlert
 .text.appUiInit
                0x000218a8       0x4c ./app_ui.o
                0x000218a8                appUiInit
 .text.appUiTick
                0x000218f4      0x1d8 ./app_ui.o
                0x000218f4                appUiTick
 .text.appUiWriteString
                0x00021acc        0x4 ./app_ui.o
                0x00021acc                appUiWriteString
 .text.bcnSetupAdvBeaconing
                0x00021ad0       0x80 ./beacon.o
                0x00021ad0                bcnSetupAdvBeaconing
 .text.graphPrintCenter.constprop.0
                0x00021b50       0x94 ./graphics.o
 .text.graphInit
                0x00021be4       0x44 ./graphics.o
                0x00021be4                graphInit
 .text.graphWriteString
                0x00021c28       0x34 ./graphics.o
                0x00021c28                graphWriteString
 *fill*         0x00021c5c        0x4 
 .text.htmTemperatureMeasure.part.0
                0x00021c60      0x1bc ./htm.o
 .text.htmInit  0x00021e1c       0x34 ./htm.o
                0x00021e1c                htmInit
 .text.htmTemperatureCharStatusChange
                0x00021e50       0x3c ./htm.o
                0x00021e50                htmTemperatureCharStatusChange
 .text.htmTemperatureMeasure
                0x00021e8c       0x14 ./htm.o
                0x00021e8c                htmTemperatureMeasure
 .text.iaImmediateAlertWrite
                0x00021ea0       0x44 ./ia.o
                0x00021ea0                iaImmediateAlertWrite
 .text.startup.main
                0x00021ee4       0x4c ./main.o
                0x00021ee4                main
 .text.StartTransfer
                0x00021f30      0x1dc ./bgapi/dmadrv.o
 .text.DMADRV_AllocateChannel
                0x0002210c       0x60 ./bgapi/dmadrv.o
                0x0002210c                DMADRV_AllocateChannel
 .text.DMADRV_Init
                0x0002216c       0x60 ./bgapi/dmadrv.o
                0x0002216c                DMADRV_Init
 .text.DMADRV_MemoryPeripheral
                0x000221cc       0x34 ./bgapi/dmadrv.o
                0x000221cc                DMADRV_MemoryPeripheral
 .text.DMADRV_PeripheralMemory
                0x00022200       0x34 ./bgapi/dmadrv.o
                0x00022200                DMADRV_PeripheralMemory
 .text.DMADRV_StopTransfer
                0x00022234       0x44 ./bgapi/dmadrv.o
                0x00022234                DMADRV_StopTransfer
 .text.DMADRV_TransferRemainingCount
                0x00022278       0x50 ./bgapi/dmadrv.o
                0x00022278                DMADRV_TransferRemainingCount
 .text.LDMA_IRQHandler
                0x000222c8       0x7c ./bgapi/dmadrv.o
                0x000222c8                LDMA_IRQHandler
 .text.ADC_LoadDevinfoCal
                0x00022344       0xf4 ./bgapi/em_adc.o
 .text.ADC_InitSingle
                0x00022438       0xb4 ./bgapi/em_adc.o
                0x00022438                ADC_InitSingle
 .text.ADC_PrescaleCalc
                0x000224ec       0x4c ./bgapi/em_adc.o
                0x000224ec                ADC_PrescaleCalc
 .text.ADC_Init
                0x00022538       0x68 ./bgapi/em_adc.o
                0x00022538                ADC_Init
 .text.LDMA_Init
                0x000225a0       0x58 ./bgapi/em_ldma.o
                0x000225a0                LDMA_Init
 .text.LDMA_StartTransfer
                0x000225f8       0xa8 ./bgapi/em_ldma.o
                0x000225f8                LDMA_StartTransfer
 .text.LDMA_StopTransfer
                0x000226a0       0x28 ./bgapi/em_ldma.o
                0x000226a0                LDMA_StopTransfer
 .text.LDMA_TransferRemainingCount
                0x000226c8       0x40 ./bgapi/em_ldma.o
                0x000226c8                LDMA_TransferRemainingCount
 .text.LEUART_BaudrateSet
                0x00022708       0x54 ./bgapi/em_leuart.o
                0x00022708                LEUART_BaudrateSet
 .text.LEUART_Enable
                0x0002275c       0x1c ./bgapi/em_leuart.o
                0x0002275c                LEUART_Enable
 .text.LEUART_Init
                0x00022778       0x4c ./bgapi/em_leuart.o
                0x00022778                LEUART_Init
 .text.Default_Handler
                0x000227c4        0x4 ./device/EFR32_B_1_1_B/gcc/startup_efr32bg1b.o
                0x000227c4                DebugMon_Handler
                0x000227c4                USART0_TX_IRQHandler
                0x000227c4                I2C0_IRQHandler
                0x000227c4                HardFault_Handler
                0x000227c4                SysTick_Handler
                0x000227c4                USART1_RX_IRQHandler
                0x000227c4                PendSV_Handler
                0x000227c4                NMI_Handler
                0x000227c4                SYNTH_IRQHandler
                0x000227c4                WDOG0_IRQHandler
                0x000227c4                USART1_TX_IRQHandler
                0x000227c4                MSC_IRQHandler
                0x000227c4                ADC0_IRQHandler
                0x000227c4                UsageFault_Handler
                0x000227c4                LEUART0_IRQHandler
                0x000227c4                FPUEH_IRQHandler
                0x000227c4                GPIO_EVEN_IRQHandler
                0x000227c4                TIMER0_IRQHandler
                0x000227c4                LETIMER0_IRQHandler
                0x000227c4                TIMER1_IRQHandler
                0x000227c4                RFSENSE_IRQHandler
                0x000227c4                BUFC_IRQHandler
                0x000227c4                MODEM_IRQHandler
                0x000227c4                Default_Handler
                0x000227c4                RAC_SEQ_IRQHandler
                0x000227c4                FRC_PRI_IRQHandler
                0x000227c4                EMU_IRQHandler
                0x000227c4                FRC_IRQHandler
                0x000227c4                CRYOTIMER_IRQHandler
                0x000227c4                PCNT0_IRQHandler
                0x000227c4                AGC_IRQHandler
                0x000227c4                ACMP0_IRQHandler
                0x000227c4                USART0_RX_IRQHandler
                0x000227c4                MemManage_Handler
                0x000227c4                SVC_Handler
                0x000227c4                RTCC_IRQHandler
                0x000227c4                CRYPTO_IRQHandler
                0x000227c4                CMU_IRQHandler
                0x000227c4                RAC_RSM_IRQHandler
                0x000227c4                GPIO_ODD_IRQHandler
                0x000227c4                PROTIMER_IRQHandler
                0x000227c4                BusFault_Handler
                0x000227c4                IDAC0_IRQHandler
 .text.Reset_Handler
                0x000227c8       0x34 ./device/EFR32_B_1_1_B/gcc/startup_efr32bg1b.o
                0x000227c8                Reset_Handler
 .text.flashWaitStateMax
                0x000227fc       0x40 ./emlib/em_cmu.o
 .text.CMU_OscillatorTuningSet.part.2
                0x0002283c       0x44 ./emlib/em_cmu.o
 .text.CMU_ClockEnable
                0x00022880       0x8c ./emlib/em_cmu.o
                0x00022880                CMU_ClockEnable
 .text.CMU_ClockPrescGet
                0x0002290c       0x94 ./emlib/em_cmu.o
                0x0002290c                CMU_ClockPrescGet
 .text.CMU_ClockDivGet
                0x000229a0        0xc ./emlib/em_cmu.o
                0x000229a0                CMU_ClockDivGet
 .text.CMU_ClockSelectGet
                0x000229ac       0xa4 ./emlib/em_cmu.o
                0x000229ac                CMU_ClockSelectGet
 .text.lfClkGet
                0x00022a50       0x94 ./emlib/em_cmu.o
 .text.CMU_ClockFreqGet
                0x00022ae4      0x128 ./emlib/em_cmu.o
                0x00022ae4                CMU_ClockFreqGet
 .text.CMU_ClockPrescSet
                0x00022c0c      0x1ec ./emlib/em_cmu.o
                0x00022c0c                CMU_ClockPrescSet
 .text.CMU_ClockDivSet
                0x00022df8        0x8 ./emlib/em_cmu.o
                0x00022df8                CMU_ClockDivSet
 .text.CMU_OscillatorTuningWait
                0x00022e00       0x60 ./emlib/em_cmu.o
                0x00022e00                CMU_OscillatorTuningWait
 .text.CMU_OscillatorEnable
                0x00022e60      0x110 ./emlib/em_cmu.o
                0x00022e60                CMU_OscillatorEnable
 .text.CMU_ClockSelectSet
                0x00022f70      0x158 ./emlib/em_cmu.o
                0x00022f70                CMU_ClockSelectSet
 .text.CMU_HFXOInit
                0x000230c8       0xec ./emlib/em_cmu.o
                0x000230c8                CMU_HFXOInit
 .text.CMU_LFXOInit
                0x000231b4       0x40 ./emlib/em_cmu.o
                0x000231b4                CMU_LFXOInit
 .text.currentLimitersUpdate
                0x000231f4       0x74 ./emlib/em_emu.o
 .text.EMU_DCDCModeSet
                0x00023268       0x4c ./emlib/em_emu.o
                0x00023268                EMU_DCDCModeSet
 .text.EMU_DCDCOutputVoltageSet
                0x000232b4      0x1cc ./emlib/em_emu.o
                0x000232b4                EMU_DCDCOutputVoltageSet
 .text.EMU_DCDCOptimizeSlice
                0x00023480       0x94 ./emlib/em_emu.o
                0x00023480                EMU_DCDCOptimizeSlice
 .text.EMU_DCDCLnRcoBandSet
                0x00023514       0x24 ./emlib/em_emu.o
                0x00023514                EMU_DCDCLnRcoBandSet
 .text.EMU_DCDCInit
                0x00023538      0x18c ./emlib/em_emu.o
                0x00023538                EMU_DCDCInit
 .text.GPIO_PinModeSet
                0x000236c4       0x8c ./emlib/em_gpio.o
                0x000236c4                GPIO_PinModeSet
 .text.I2C_BusFreqSet.part.0
                0x00023750       0x60 ./emlib/em_i2c.o
 .text.I2C_Init
                0x000237b0       0x3c ./emlib/em_i2c.o
                0x000237b0                I2C_Init
 .text.I2C_Transfer
                0x000237ec      0x284 ./emlib/em_i2c.o
                0x000237ec                I2C_Transfer
 .text.I2C_TransferInit
                0x00023a70       0x70 ./emlib/em_i2c.o
                0x00023a70                I2C_TransferInit
 .text.RTCC_Enable
                0x00023ae0        0xc ./emlib/em_rtcc.o
                0x00023ae0                RTCC_Enable
 .text.RTCC_Init
                0x00023aec       0x48 ./emlib/em_rtcc.o
                0x00023aec                RTCC_Init
 .text.SYSTEM_ChipRevisionGet
                0x00023b34       0x34 ./emlib/em_system.o
                0x00023b34                SYSTEM_ChipRevisionGet
 .text.USART_BaudrateAsyncSet
                0x00023b68       0x68 ./emlib/em_usart.o
                0x00023b68                USART_BaudrateAsyncSet
 .text.USART_BaudrateCalc
                0x00023bd0       0x7c ./emlib/em_usart.o
                0x00023bd0                USART_BaudrateCalc
 .text.USART_BaudrateGet
                0x00023c4c       0x24 ./emlib/em_usart.o
                0x00023c4c                USART_BaudrateGet
 .text.USART_BaudrateSyncSet
                0x00023c70       0x3c ./emlib/em_usart.o
                0x00023c70                USART_BaudrateSyncSet
 .text.USART_Enable
                0x00023cac       0x10 ./emlib/em_usart.o
                0x00023cac                USART_Enable
 .text.USART_InitAsync
                0x00023cbc       0xa4 ./emlib/em_usart.o
                0x00023cbc                USART_InitAsync
 .text.USART_InitSync
                0x00023d60       0xc8 ./emlib/em_usart.o
                0x00023d60                USART_InitSync
 .text.USART_Tx
                0x00023e28        0xc ./emlib/em_usart.o
                0x00023e28                USART_Tx
 .text.USART_TxDouble
                0x00023e34        0xc ./emlib/em_usart.o
                0x00023e34                USART_TxDouble
 .text.DMD_writeColor.part.0
                0x00023e40      0x180 ./glib/BRD4300C/dmd_display.o
 .text.DMD_getDisplayGeometry
                0x00023fc0       0x1c ./glib/BRD4300C/dmd_display.o
                0x00023fc0                DMD_getDisplayGeometry
 .text.DMD_setClippingArea
                0x00023fdc       0x44 ./glib/BRD4300C/dmd_display.o
                0x00023fdc                DMD_setClippingArea
 .text.DMD_writeColor
                0x00024020       0x20 ./glib/BRD4300C/dmd_display.o
                0x00024020                DMD_writeColor
 .text.DMD_allocateFramebuffer
                0x00024040       0x38 ./glib/BRD4300C/dmd_display.o
                0x00024040                DMD_allocateFramebuffer
 .text.DMD_init
                0x00024078       0x78 ./glib/BRD4300C/dmd_display.o
                0x00024078                DMD_init
 .text.DMD_updateDisplay
                0x000240f0       0xc8 ./glib/BRD4300C/dmd_display.o
                0x000240f0                DMD_updateDisplay
 .text.GLIB_applyClippingRegion.part.1
                0x000241b8       0x1c ./glib/BRD4300C/glib.o
 .text.GLIB_setClippingRegion.part.2
                0x000241d4       0x48 ./glib/BRD4300C/glib.o
 .text.GLIB_contextInit
                0x0002421c       0x58 ./glib/BRD4300C/glib.o
                0x0002421c                GLIB_contextInit
 .text.GLIB_clear
                0x00024274       0x48 ./glib/BRD4300C/glib.o
                0x00024274                GLIB_clear
 .text.GLIB_drawPixel
                0x000242bc       0x40 ./glib/BRD4300C/glib.o
                0x000242bc                GLIB_drawPixel
 .text.GLIB_drawPixelColor
                0x000242fc       0x3c ./glib/BRD4300C/glib.o
                0x000242fc                GLIB_drawPixelColor
 .text.GLIB_rectContainsPoint
                0x00024338       0x24 ./glib/BRD4300C/glib_rectangle.o
                0x00024338                GLIB_rectContainsPoint
 .text.GLIB_drawChar.part.0
                0x0002435c      0x164 ./glib/BRD4300C/glib_string.o
 .text.GLIB_drawString
                0x000244c0       0x90 ./glib/BRD4300C/glib_string.o
                0x000244c0                GLIB_drawString
 .text.GLIB_setFont
                0x00024550       0x30 ./glib/BRD4300C/glib_string.o
                0x00024550                GLIB_setFont
 .text.I2CSPM_Transfer
                0x00024580       0x24 ./kit/BRD4300C/i2cspm.o
                0x00024580                I2CSPM_Transfer
 .text.Si7013_Measure
                0x000245a4       0x54 ./kit/BRD4300C/si7013.o
 .text.Si7013_MeasureRHAndTemp
                0x000245f8       0x58 ./kit/BRD4300C/si7013.o
                0x000245f8                Si7013_MeasureRHAndTemp
 .text.Si7013_Detect
                0x00024650       0x58 ./kit/BRD4300C/si7013.o
                0x00024650                Si7013_Detect
 .text.UDELAY_Calibrate
                0x000246a8      0x1c0 ./kit/BRD4300C/udelay.o
                0x000246a8                UDELAY_Calibrate
 .text.UDELAY_Delay
                0x00024868       0x28 ./kit/BRD4300C/udelay.o
                0x00024868                UDELAY_Delay
 .text.DISPLAY_Init
                0x00024890       0x34 ./kit_lcd/BRD4300C/display.o
                0x00024890                DISPLAY_Init
 .text.DISPLAY_DeviceGet
                0x000248c4       0x50 ./kit_lcd/BRD4300C/display.o
                0x000248c4                DISPLAY_DeviceGet
 .text.DISPLAY_DeviceRegister
                0x00024914       0x5c ./kit_lcd/BRD4300C/display.o
                0x00024914                DISPLAY_DeviceRegister
 .text.PixelMatrixAllocate
                0x00024970       0x3c ./kit_lcd/BRD4300C/displayls013b7dh03.o
 .text.PixelMatrixFree
                0x000249ac        0x8 ./kit_lcd/BRD4300C/displayls013b7dh03.o
 .text.DriverRefresh
                0x000249b4       0x10 ./kit_lcd/BRD4300C/displayls013b7dh03.o
 .text.PixelMatrixClear
                0x000249c4       0x20 ./kit_lcd/BRD4300C/displayls013b7dh03.o
 .text.PixelMatrixDraw
                0x000249e4       0x8c ./kit_lcd/BRD4300C/displayls013b7dh03.o
 .text.DisplayPolarityInverse
                0x00024a70       0x10 ./kit_lcd/BRD4300C/displayls013b7dh03.o
 .text.DisplayEnable
                0x00024a80       0x1c ./kit_lcd/BRD4300C/displayls013b7dh03.o
 .text.DISPLAY_Ls013b7dh03Init
                0x00024a9c       0xf4 ./kit_lcd/BRD4300C/displayls013b7dh03.o
                0x00024a9c                DISPLAY_Ls013b7dh03Init
 .text.PAL_SpiInit
                0x00024b90       0x50 ./kit_lcd/BRD4300C/displaypalemlib.o
                0x00024b90                PAL_SpiInit
 .text.PAL_SpiTransmit
                0x00024be0       0x40 ./kit_lcd/BRD4300C/displaypalemlib.o
                0x00024be0                PAL_SpiTransmit
 .text.PAL_TimerInit
                0x00024c20        0xc ./kit_lcd/BRD4300C/displaypalemlib.o
                0x00024c20                PAL_TimerInit
 .text.PAL_TimerMicroSecondsDelay
                0x00024c2c        0xc ./kit_lcd/BRD4300C/displaypalemlib.o
                0x00024c2c                PAL_TimerMicroSecondsDelay
 .text.PAL_TimerRepeat
                0x00024c38       0x18 ./kit_lcd/BRD4300C/displaypalemlib.o
                0x00024c38                PAL_TimerRepeat
 .text.PAL_GpioInit
                0x00024c50       0x14 ./kit_lcd/BRD4300C/displaypalemlib.o
                0x00024c50                PAL_GpioInit
 .text.PAL_GpioPinModeSet
                0x00024c64       0x18 ./kit_lcd/BRD4300C/displaypalemlib.o
                0x00024c64                PAL_GpioPinModeSet
 .text.PAL_GpioPinOutSet
                0x00024c7c       0x1c ./kit_lcd/BRD4300C/displaypalemlib.o
                0x00024c7c                PAL_GpioPinOutSet
 .text.PAL_GpioPinOutClear
                0x00024c98       0x18 ./kit_lcd/BRD4300C/displaypalemlib.o
                0x00024c98                PAL_GpioPinOutClear
 .text.PAL_GpioPinOutToggle
                0x00024cb0       0x18 ./kit_lcd/BRD4300C/displaypalemlib.o
                0x00024cb0                PAL_GpioPinOutToggle
 .text.EMU_enter_DefaultMode_from_RESET
                0x00024cc8       0x54 ./src/InitDevice.o
                0x00024cc8                EMU_enter_DefaultMode_from_RESET
 .text.CMU_enter_DefaultMode_from_RESET
                0x00024d1c      0x120 ./src/InitDevice.o
                0x00024d1c                CMU_enter_DefaultMode_from_RESET
 .text.RTCC_enter_DefaultMode_from_RESET
                0x00024e3c       0x44 ./src/InitDevice.o
                0x00024e3c                RTCC_enter_DefaultMode_from_RESET
 .text.I2C0_enter_DefaultMode_from_RESET
                0x00024e80       0x60 ./src/InitDevice.o
                0x00024e80                I2C0_enter_DefaultMode_from_RESET
 .text.PORTIO_enter_DefaultMode_from_RESET
                0x00024ee0       0x50 ./src/InitDevice.o
                0x00024ee0                PORTIO_enter_DefaultMode_from_RESET
 .text.enter_DefaultMode_from_RESET
                0x00024f30       0xa0 ./src/InitDevice.o
                0x00024f30                enter_DefaultMode_from_RESET
 .text          0x00024fd0       0x60 C:/SiliconLabs/SimplicityStudio/v4/developer/sdks/gecko_sdk_suite/v1.0//protocol/bluetooth_2.3/lib/EFR32BG1B/GCC/bgapi.a(gecko_bgapi_hardware.c.obj)
                0x00025018                gecko_bgapi_class_hardware_init
 .text          0x00025030       0x60 C:/SiliconLabs/SimplicityStudio/v4/developer/sdks/gecko_sdk_suite/v1.0//protocol/bluetooth_2.3/lib/EFR32BG1B/GCC/bgapi.a(gecko_bgapi_test.c.obj)
                0x00025078                gecko_bgapi_class_test_init
 .text          0x00025090       0x60 C:/SiliconLabs/SimplicityStudio/v4/developer/sdks/gecko_sdk_suite/v1.0//protocol/bluetooth_2.3/lib/EFR32BG1B/GCC/bgapi.a(gecko_bgapi_util.c.obj)
                0x000250d8                gecko_bgapi_class_util_init
 .text          0x000250f0       0x60 C:/SiliconLabs/SimplicityStudio/v4/developer/sdks/gecko_sdk_suite/v1.0//protocol/bluetooth_2.3/lib/EFR32BG1B/GCC/bgapi.a(gecko_bgapi_dfu.c.obj)
                0x00025138                gecko_bgapi_class_dfu_init
 .text          0x00025150       0x60 C:/SiliconLabs/SimplicityStudio/v4/developer/sdks/gecko_sdk_suite/v1.0//protocol/bluetooth_2.3/lib/EFR32BG1B/GCC/bgapi.a(gecko_bgapi_gap.c.obj)
                0x00025198                gecko_bgapi_class_le_gap_init
 .text          0x000251b0       0x60 C:/SiliconLabs/SimplicityStudio/v4/developer/sdks/gecko_sdk_suite/v1.0//protocol/bluetooth_2.3/lib/EFR32BG1B/GCC/bgapi.a(gecko_bgapi_gatt.c.obj)
                0x000251f8                gecko_bgapi_class_gatt_init
 .text          0x00025210       0x60 C:/SiliconLabs/SimplicityStudio/v4/developer/sdks/gecko_sdk_suite/v1.0//protocol/bluetooth_2.3/lib/EFR32BG1B/GCC/bgapi.a(gecko_bgapi_gatt_server.c.obj)
                0x00025258                gecko_bgapi_class_gatt_server_init
 .text          0x00025270       0x60 C:/SiliconLabs/SimplicityStudio/v4/developer/sdks/gecko_sdk_suite/v1.0//protocol/bluetooth_2.3/lib/EFR32BG1B/GCC/bgapi.a(gecko_bgapi_flash.c.obj)
                0x000252b8                gecko_bgapi_class_flash_init
 .text          0x000252d0       0x60 C:/SiliconLabs/SimplicityStudio/v4/developer/sdks/gecko_sdk_suite/v1.0//protocol/bluetooth_2.3/lib/EFR32BG1B/GCC/bgapi.a(gecko_bgapi_sm.c.obj)
                0x00025318                gecko_bgapi_class_sm_init
 .text          0x00025330       0x60 C:/SiliconLabs/SimplicityStudio/v4/developer/sdks/gecko_sdk_suite/v1.0//protocol/bluetooth_2.3/lib/EFR32BG1B/GCC/bgapi.a(gecko_bgapi_system.c.obj)
                0x00025378                gecko_bgapi_class_system_init
 .text          0x00025390       0x60 C:/SiliconLabs/SimplicityStudio/v4/developer/sdks/gecko_sdk_suite/v1.0//protocol/bluetooth_2.3/lib/EFR32BG1B/GCC/bgapi.a(gecko_bgapi_endpoint.c.obj)
                0x000253d8                gecko_bgapi_class_endpoint_init
 .text          0x000253f0       0x60 C:/SiliconLabs/SimplicityStudio/v4/developer/sdks/gecko_sdk_suite/v1.0//protocol/bluetooth_2.3/lib/EFR32BG1B/GCC/bgapi.a(gecko_bgapi_le_connection.c.obj)
                0x00025438                gecko_bgapi_class_le_connection_init
 .text          0x00025450      0x388 C:/SiliconLabs/SimplicityStudio/v4/developer/sdks/gecko_sdk_suite/v1.0//protocol/bluetooth_2.3/lib/EFR32BG1B/GCC/bgapi.a(bgapi_hardware_lib.c.obj)
                0x00025450                gecko_cmd_hardware_read_i2c
                0x000254b8                gecko_cmd_hardware_write_i2c
                0x000254fc                gecko_cmd_hardware_stop_i2c
                0x00025534                gecko_cmd_hardware_read_adc
                0x00025574                gecko_cmd_hardware_read_adc_channel
                0x000255a4                gecko_cmd_hardware_config_adc_reference
                0x000255d0                gecko_cmd_hardware_configure_gpio
                0x00025604                gecko_cmd_hardware_write_gpio
                0x00025668                gecko_cmd_hardware_read_gpio
                0x000256c8                gecko_cmd_hardware_set_uart_configuration
                0x00025740                clock_outputs_init
                0x00025788                bgapi_hardware_init
 .text          0x000257d8      0x1d0 C:/SiliconLabs/SimplicityStudio/v4/developer/sdks/gecko_sdk_suite/v1.0//protocol/bluetooth_2.3/lib/EFR32BG1B/GCC/bgapi.a(bgapi_hardware.c.obj)
                0x000257d8                soft_timer_comparison
                0x0002586c                bgapi_hardware_soft_timer_listener
                0x000258ac                lib_hardware_handler_init
                0x000258c0                gecko_cmd_hardware_set_soft_timer
                0x00025900                gecko_cmd_hardware_set_lazy_soft_timer
                0x00025940                gecko_cmd_hardware_get_time
                0x00025974                gecko_cmd_hardware_enable_dcdc
 .text          0x000259a8      0x200 C:/SiliconLabs/SimplicityStudio/v4/developer/sdks/gecko_sdk_suite/v1.0//protocol/bluetooth_2.3/lib/EFR32BG1B/GCC/bgapi.a(bgapi_test_lib.c.obj)
                0x000259a8                lib_test_handler_init
                0x000259aa                disable_interrupts
                0x000259ce                gecko_cmd_test_dtm_tx
                0x00025a00                gecko_cmd_test_dtm_rx
                0x00025a30                gecko_cmd_test_dtm_end
                0x00025a5c                gecko_cmd_test_debug_command
                0x00025b2c                gecko_cmd_test_debug_counter
 .text          0x00025ba8      0x158 C:/SiliconLabs/SimplicityStudio/v4/developer/sdks/gecko_sdk_suite/v1.0//protocol/bluetooth_2.3/lib/EFR32BG1B/GCC/bgapi.a(bgapi_util.c.obj)
                0x00025be0                lib_util_handler_init
                0x00025be2                gecko_cmd_util_atoi
                0x00025c38                gecko_cmd_util_itoa
 .text          0x00025d00       0x8c C:/SiliconLabs/SimplicityStudio/v4/developer/sdks/gecko_sdk_suite/v1.0//protocol/bluetooth_2.3/lib/EFR32BG1B/GCC/bgapi.a(bgapi_dfu.c.obj)
                0x00025d00                lib_dfu_handler_init
                0x00025d02                gecko_cmd_dfu_reset
                0x00025d08                gecko_cmd_dfu_flash_set_address
                0x00025d34                gecko_cmd_dfu_flash_upload
                0x00025d60                gecko_cmd_dfu_flash_upload_finish
 .text          0x00025d8c      0x308 C:/SiliconLabs/SimplicityStudio/v4/developer/sdks/gecko_sdk_suite/v1.0//protocol/bluetooth_2.3/lib/EFR32BG1B/GCC/bgapi.a(bgapi_gap.c.obj)
                0x00025d8c                lib_le_gap_handler_init
                0x00025d8e                gecko_cmd_le_gap_set_mode
                0x00025dd4                gecko_cmd_le_gap_bt5_set_mode
                0x00025e14                gecko_cmd_le_gap_set_adv_data
                0x00025e48                gecko_cmd_le_gap_bt5_set_adv_data
                0x00025e7c                gecko_cmd_le_gap_set_adv_timeout
                0x00025ed0                gecko_cmd_le_gap_open
                0x00025f38                gecko_cmd_le_gap_discover
                0x00025f64                gecko_cmd_le_gap_end_procedure
                0x00025f90                gecko_cmd_le_gap_set_adv_parameters
                0x00025fc4                gecko_cmd_le_gap_bt5_set_adv_parameters
                0x00026000                gecko_cmd_le_gap_set_scan_parameters
                0x00026030                gecko_cmd_le_gap_set_conn_parameters
                0x00026068                gecko_cmd_le_gap_set_phy
 .text          0x00026094      0x644 C:/SiliconLabs/SimplicityStudio/v4/developer/sdks/gecko_sdk_suite/v1.0//protocol/bluetooth_2.3/lib/EFR32BG1B/GCC/bgapi.a(bgapi_gatt_lib.c.obj)
                0x00026094                lib_gatt_handler_init
                0x00026096                lib_gatt_server_handler_init
                0x00026098                gecko_cmd_gatt_set_max_mtu
                0x000260d4                gecko_cmd_gatt_discover_primary_services
                0x00026104                gecko_cmd_gatt_discover_primary_services_by_uuid
                0x00026140                gecko_cmd_gatt_find_included_services
                0x00026174                gecko_cmd_gatt_discover_characteristics
                0x000261a8                gecko_cmd_gatt_discover_characteristics_by_uuid
                0x000261e8                gecko_cmd_gatt_read_characteristic_value
                0x00026220                gecko_cmd_gatt_read_characteristic_value_from_offset
                0x0002625c                gecko_cmd_gatt_read_characteristic_value_by_uuid
                0x0002629c                gecko_cmd_gatt_read_multiple_characteristic_values
                0x000262d0                gecko_cmd_gatt_write_characteristic_value
                0x00026308                gecko_cmd_gatt_write_characteristic_value_without_response
                0x0002634c                gecko_cmd_gatt_prepare_characteristic_value_write
                0x0002639c                gecko_cmd_gatt_execute_characteristic_value_write
                0x000263d0                gecko_cmd_gatt_set_characteristic_notification
                0x00026408                gecko_cmd_gatt_discover_descriptors
                0x0002643c                gecko_cmd_gatt_read_descriptor_value
                0x00026470                gecko_cmd_gatt_write_descriptor_value
                0x000264a8                gecko_cmd_gatt_server_read_attribute_value
                0x000264f0                gecko_cmd_gatt_server_read_attribute_type
                0x00026534                gecko_cmd_gatt_server_find_attribute
                0x00026570                gecko_cmd_gatt_server_write_attribute_value
                0x000265a4                gecko_cmd_gatt_server_send_user_read_response
                0x000265f4                gecko_cmd_gatt_server_send_user_write_response
                0x0002662c                gecko_cmd_gatt_server_send_characteristic_notification
                0x00026678                gecko_cmd_gatt_send_characteristic_confirmation
                0x000266a8                gecko_cmd_gatt_server_set_database
 .text          0x000266d8      0x17c C:/SiliconLabs/SimplicityStudio/v4/developer/sdks/gecko_sdk_suite/v1.0//protocol/bluetooth_2.3/lib/EFR32BG1B/GCC/bgapi.a(bgapi_ps.c.obj)
                0x000266d8                lib_flash_handler_init
                0x000266da                gecko_cmd_flash_ps_dump
                0x00026770                gecko_cmd_flash_ps_erase_all
                0x000267a0                gecko_cmd_flash_ps_save
                0x000267dc                gecko_cmd_flash_ps_load
                0x00026820                gecko_cmd_flash_ps_erase
 .text          0x00026854      0x3cc C:/SiliconLabs/SimplicityStudio/v4/developer/sdks/gecko_sdk_suite/v1.0//protocol/bluetooth_2.3/lib/EFR32BG1B/GCC/bgapi.a(bgapi_sm.c.obj)
                0x0002691c                lib_sm_handler_init
                0x00026930                gecko_cmd_sm_list_all_bondings
                0x00026968                gecko_cmd_sm_increase_security
                0x00026998                gecko_cmd_sm_set_bondable_mode
                0x000269c4                gecko_cmd_sm_delete_bonding
                0x000269f4                gecko_cmd_sm_delete_bondings
                0x00026a24                gecko_cmd_sm_configure
                0x00026a54                gecko_cmd_sm_enter_passkey
                0x00026a88                gecko_cmd_sm_set_passkey
                0x00026ab4                gecko_cmd_sm_passkey_confirm
                0x00026ae8                gecko_cmd_sm_set_oob_data
                0x00026b18                gecko_cmd_sm_set_sc_remote_oob_data
                0x00026b48                gecko_cmd_sm_use_sc_oob
                0x00026b88                gecko_cmd_sm_store_bonding_configuration
                0x00026bbc                gecko_cmd_sm_bonding_confirm
                0x00026bf0                gecko_cmd_sm_set_debug_mode
 .text          0x00026c20      0x114 C:/SiliconLabs/SimplicityStudio/v4/developer/sdks/gecko_sdk_suite/v1.0//protocol/bluetooth_2.3/lib/EFR32BG1B/GCC/bgapi.a(bgapi_system.c.obj)
                0x00026c20                lib_system_handler_init
                0x00026c22                gecko_cmd_system_get_bt_address
                0x00026c58                gecko_cmd_system_get_random_data
                0x00026ca0                gecko_cmd_system_halt
                0x00026cd4                gecko_cmd_system_set_tx_power
                0x00026d04                gecko_cmd_system_hello
                0x00026d2c                gecko_cmd_system_reset
 .text          0x00026d34      0x1ac C:/SiliconLabs/SimplicityStudio/v4/developer/sdks/gecko_sdk_suite/v1.0//protocol/bluetooth_2.3/lib/EFR32BG1B/GCC/bgapi.a(bgapi_endpoint.c.obj)
                0x00026d34                lib_endpoint_handler_init
                0x00026d36                gecko_cmd_endpoint_send
                0x00026de0                gecko_cmd_endpoint_set_streaming_destination
                0x00026e38                gecko_cmd_endpoint_close
                0x00026e94                gecko_cmd_endpoint_set_flags
                0x00026e96                gecko_cmd_endpoint_clr_flags
                0x00026e98                gecko_cmd_endpoint_read_counters
 .text          0x00026ee0      0x104 C:/SiliconLabs/SimplicityStudio/v4/developer/sdks/gecko_sdk_suite/v1.0//protocol/bluetooth_2.3/lib/EFR32BG1B/GCC/bgapi.a(bgapi_le_connection.c.obj)
                0x00026ee0                lib_le_connection_handler_init
                0x00026ee2                gecko_cmd_le_connection_set_parameters
                0x00026f30                gecko_cmd_le_connection_get_rssi
                0x00026f60                gecko_cmd_le_connection_disable_slave_latency
                0x00026fa8                gecko_cmd_le_connection_set_phy
 .text          0x00026fe4      0x220 C:/SiliconLabs/SimplicityStudio/v4/developer/sdks/gecko_sdk_suite/v1.0//protocol/bluetooth_2.3/lib/EFR32BG1B/GCC/bgapi.a(uart_endpoint.c.obj)
                0x00027044                uart_output_available
                0x00027048                uart_transparent_input
                0x00027086                uart_endpoint_func
                0x0002713a                uart_change_flags
                0x00027148                init_uart_endpoints
 .text          0x00027204      0x17c C:/SiliconLabs/SimplicityStudio/v4/developer/sdks/gecko_sdk_suite/v1.0//protocol/bluetooth_2.3/lib/EFR32BG1B/GCC/bgapi.a(bgapi_endpoint.c.obj)
                0x00027330                init_bgapi_endpoints
 .text          0x00027380       0xc8 C:/SiliconLabs/SimplicityStudio/v4/developer/sdks/gecko_sdk_suite/v1.0//protocol/bluetooth_2.3/lib/EFR32BG1B/GCC/bgapi.a(adc.c.obj)
                0x00027380                adc_read_channel
                0x000273b0                adc_read_port
                0x000273c0                adc_config_reference
                0x000273f4                adc_init
 .text          0x00027448      0x160 C:/SiliconLabs/SimplicityStudio/v4/developer/sdks/gecko_sdk_suite/v1.0//protocol/bluetooth_2.3/lib/EFR32BG1B/GCC/bgapi.a(gpio.c.obj)
                0x000274c0                gpio_location_to_port
                0x000274d0                gpio_location_to_pin_index
                0x000274e4                gpios_init
 .text          0x000275a8      0x218 C:/SiliconLabs/SimplicityStudio/v4/developer/sdks/gecko_sdk_suite/v1.0//protocol/bluetooth_2.3/lib/EFR32BG1B/GCC/bgapi.a(i2c.c.obj)
                0x000275a8                i2c_init
                0x00027634                i2c_stop
                0x00027654                i2c_reset
                0x00027674                i2c_read
                0x00027720                i2c_write
 .text          0x000277c0      0x160 C:/SiliconLabs/SimplicityStudio/v4/developer/sdks/gecko_sdk_suite/v1.0//protocol/bluetooth_2.3/lib/EFR32BG1B/GCC/bgapi.a(sleep_signal.c.obj)
                0x000277f0                sleep_signal_init
                0x00027850                sleep_signal_update
                0x000278bc                host_wakeup_signal_init
                0x000278f8                host_wakeup_signal_update
 .text          0x00027920      0x89c C:/SiliconLabs/SimplicityStudio/v4/developer/sdks/gecko_sdk_suite/v1.0//protocol/bluetooth_2.3/lib/EFR32BG1B/GCC/bgapi.a(uart.c.obj)
                0x00027920                LEUART0_IRQGeckoHandler
                0x00027922                USART1_TX_IRQGeckoHandler
                0x00027a4c                USART0_TX_IRQGeckoHandler
                0x00027bfc                USART1_RX_IRQGeckoHandler
                0x00027c08                USART0_RX_IRQGeckoHandler
                0x00027c28                uart_update
                0x00027c40                uart_configure
                0x00027d14                uart_event_register
                0x00027d24                uarts_init
                0x000280a8                uart_get_flags
                0x000280b8                uart_write_bgbuf
                0x000280f8                uart_read_bgbuf
                0x00028180                uart_sleep
 .text          0x000281bc      0x370 c:/siliconlabs/simplicitystudio/v4/developer/toolchains/gnu_arm/4.9_2015q3/bin/../lib/gcc/arm-none-eabi/4.9.3/armv7e-m/softfp\libgcc.a(_arm_addsubdf3.o)
                0x000281bc                __aeabi_drsub
                0x000281c4                __aeabi_dsub
                0x000281c4                __subdf3
                0x000281c8                __aeabi_dadd
                0x000281c8                __adddf3
                0x00028440                __floatunsidf
                0x00028440                __aeabi_ui2d
                0x00028460                __floatsidf
                0x00028460                __aeabi_i2d
                0x00028484                __aeabi_f2d
                0x00028484                __extendsfdf2
                0x000284c0                __floatundidf
                0x000284c0                __aeabi_ul2d
                0x000284d0                __floatdidf
                0x000284d0                __aeabi_l2d
 .text          0x0002852c      0x424 c:/siliconlabs/simplicitystudio/v4/developer/toolchains/gnu_arm/4.9_2015q3/bin/../lib/gcc/arm-none-eabi/4.9.3/armv7e-m/softfp\libgcc.a(_arm_muldivdf3.o)
                0x0002852c                __aeabi_dmul
                0x0002852c                __muldf3
                0x00028780                __divdf3
                0x00028780                __aeabi_ddiv
 .text          0x00028950       0xa0 c:/siliconlabs/simplicitystudio/v4/developer/toolchains/gnu_arm/4.9_2015q3/bin/../lib/gcc/arm-none-eabi/4.9.3/armv7e-m/softfp\libgcc.a(_arm_truncdfsf2.o)
                0x00028950                __truncdfsf2
                0x00028950                __aeabi_d2f
 .text          0x000289f0       0x30 c:/siliconlabs/simplicitystudio/v4/developer/toolchains/gnu_arm/4.9_2015q3/bin/../lib/gcc/arm-none-eabi/4.9.3/armv7e-m/softfp\libgcc.a(_aeabi_uldivmod.o)
                0x000289f0                __aeabi_uldivmod
 .text          0x00028a20       0x60 c:/siliconlabs/simplicitystudio/v4/developer/toolchains/gnu_arm/4.9_2015q3/bin/../lib/gcc/arm-none-eabi/4.9.3/armv7e-m/softfp\libgcc.a(bpabi.o)
                0x00028a20                __gnu_ldivmod_helper
                0x00028a50                __gnu_uldivmod_helper
 .text          0x00028a80        0x4 c:/siliconlabs/simplicitystudio/v4/developer/toolchains/gnu_arm/4.9_2015q3/bin/../lib/gcc/arm-none-eabi/4.9.3/armv7e-m/softfp\libgcc.a(_dvmd_tls.o)
                0x00028a80                __aeabi_idiv0
                0x00028a80                __aeabi_ldiv0
 .text          0x00028a84      0x29c c:/siliconlabs/simplicitystudio/v4/developer/toolchains/gnu_arm/4.9_2015q3/bin/../lib/gcc/arm-none-eabi/4.9.3/armv7e-m/softfp\libgcc.a(_divdi3.o)
                0x00028a84                __divdi3
 .text          0x00028d20      0x26c c:/siliconlabs/simplicitystudio/v4/developer/toolchains/gnu_arm/4.9_2015q3/bin/../lib/gcc/arm-none-eabi/4.9.3/armv7e-m/softfp\libgcc.a(_udivdi3.o)
                0x00028d20                __udivdi3
 .text.exit     0x00028f8c       0x20 c:/siliconlabs/simplicitystudio/v4/developer/toolchains/gnu_arm/4.9_2015q3/bin/../lib/gcc/arm-none-eabi/4.9.3/../../../../arm-none-eabi/lib/armv7e-m/softfp\libc.a(lib_a-exit.o)
                0x00028f8c                exit
 .text.__libc_init_array
                0x00028fac       0x50 c:/siliconlabs/simplicitystudio/v4/developer/toolchains/gnu_arm/4.9_2015q3/bin/../lib/gcc/arm-none-eabi/4.9.3/../../../../arm-none-eabi/lib/armv7e-m/softfp\libc.a(lib_a-init.o)
                0x00028fac                __libc_init_array
 .text          0x00028ffc      0x134 c:/siliconlabs/simplicitystudio/v4/developer/toolchains/gnu_arm/4.9_2015q3/bin/../lib/gcc/arm-none-eabi/4.9.3/../../../../arm-none-eabi/lib/armv7e-m/softfp\libc.a(lib_a-memcpy.o)
                0x00028ffc                memcpy
 .text.memset   0x00029130       0x9c c:/siliconlabs/simplicitystudio/v4/developer/toolchains/gnu_arm/4.9_2015q3/bin/../lib/gcc/arm-none-eabi/4.9.3/../../../../arm-none-eabi/lib/armv7e-m/softfp\libc.a(lib_a-memset.o)
                0x00029130                memset
 .text.snprintf
                0x000291cc       0x9c c:/siliconlabs/simplicitystudio/v4/developer/toolchains/gnu_arm/4.9_2015q3/bin/../lib/gcc/arm-none-eabi/4.9.3/../../../../arm-none-eabi/lib/armv7e-m/softfp\libc.a(lib_a-snprintf.o)
                0x000291cc                snprintf
 .text.strlen   0x00029268       0x5c c:/siliconlabs/simplicitystudio/v4/developer/toolchains/gnu_arm/4.9_2015q3/bin/../lib/gcc/arm-none-eabi/4.9.3/../../../../arm-none-eabi/lib/armv7e-m/softfp\libc.a(lib_a-strlen.o)
                0x00029268                strlen
 *fill*         0x000292c4        0x4 
 .text._svfprintf_r
                0x000292c8     0x14d0 c:/siliconlabs/simplicitystudio/v4/developer/toolchains/gnu_arm/4.9_2015q3/bin/../lib/gcc/arm-none-eabi/4.9.3/../../../../arm-none-eabi/lib/armv7e-m/softfp\libc.a(lib_a-svfprintf.o)
                0x000292c8                _svfprintf_r
 .text.startup.register_fini
                0x0002a798       0x14 c:/siliconlabs/simplicitystudio/v4/developer/toolchains/gnu_arm/4.9_2015q3/bin/../lib/gcc/arm-none-eabi/4.9.3/../../../../arm-none-eabi/lib/armv7e-m/softfp\libc.a(lib_a-__call_atexit.o)
 .text.__call_exitprocs
                0x0002a7ac       0xd4 c:/siliconlabs/simplicitystudio/v4/developer/toolchains/gnu_arm/4.9_2015q3/bin/../lib/gcc/arm-none-eabi/4.9.3/../../../../arm-none-eabi/lib/armv7e-m/softfp\libc.a(lib_a-__call_atexit.o)
                0x0002a7ac                __call_exitprocs
 .text.atexit   0x0002a880        0xc c:/siliconlabs/simplicitystudio/v4/developer/toolchains/gnu_arm/4.9_2015q3/bin/../lib/gcc/arm-none-eabi/4.9.3/../../../../arm-none-eabi/lib/armv7e-m/softfp\libc.a(lib_a-atexit.o)
                0x0002a880                atexit
 .text.quorem   0x0002a88c      0x12c c:/siliconlabs/simplicitystudio/v4/developer/toolchains/gnu_arm/4.9_2015q3/bin/../lib/gcc/arm-none-eabi/4.9.3/../../../../arm-none-eabi/lib/armv7e-m/softfp\libc.a(lib_a-dtoa.o)
 .text._dtoa_r  0x0002a9b8      0xe90 c:/siliconlabs/simplicitystudio/v4/developer/toolchains/gnu_arm/4.9_2015q3/bin/../lib/gcc/arm-none-eabi/4.9.3/../../../../arm-none-eabi/lib/armv7e-m/softfp\libc.a(lib_a-dtoa.o)
                0x0002a9b8                _dtoa_r
 .text.__libc_fini_array
                0x0002b848       0x2c c:/siliconlabs/simplicitystudio/v4/developer/toolchains/gnu_arm/4.9_2015q3/bin/../lib/gcc/arm-none-eabi/4.9.3/../../../../arm-none-eabi/lib/armv7e-m/softfp\libc.a(lib_a-fini.o)
                0x0002b848                __libc_fini_array
 .text._localeconv_r
                0x0002b874        0x8 c:/siliconlabs/simplicitystudio/v4/developer/toolchains/gnu_arm/4.9_2015q3/bin/../lib/gcc/arm-none-eabi/4.9.3/../../../../arm-none-eabi/lib/armv7e-m/softfp\libc.a(lib_a-locale.o)
                0x0002b874                _localeconv_r
 .text._malloc_r
                0x0002b87c      0x524 c:/siliconlabs/simplicitystudio/v4/developer/toolchains/gnu_arm/4.9_2015q3/bin/../lib/gcc/arm-none-eabi/4.9.3/../../../../arm-none-eabi/lib/armv7e-m/softfp\libc.a(lib_a-mallocr.o)
                0x0002b87c                _malloc_r
 .text.memchr   0x0002bda0       0x94 c:/siliconlabs/simplicitystudio/v4/developer/toolchains/gnu_arm/4.9_2015q3/bin/../lib/gcc/arm-none-eabi/4.9.3/../../../../arm-none-eabi/lib/armv7e-m/softfp\libc.a(lib_a-memchr.o)
                0x0002bda0                memchr
 .text.__malloc_lock
                0x0002be34        0x4 c:/siliconlabs/simplicitystudio/v4/developer/toolchains/gnu_arm/4.9_2015q3/bin/../lib/gcc/arm-none-eabi/4.9.3/../../../../arm-none-eabi/lib/armv7e-m/softfp\libc.a(lib_a-mlock.o)
                0x0002be34                __malloc_lock
 .text.__malloc_unlock
                0x0002be38        0x4 c:/siliconlabs/simplicitystudio/v4/developer/toolchains/gnu_arm/4.9_2015q3/bin/../lib/gcc/arm-none-eabi/4.9.3/../../../../arm-none-eabi/lib/armv7e-m/softfp\libc.a(lib_a-mlock.o)
                0x0002be38                __malloc_unlock
 .text._Balloc  0x0002be3c       0x4c c:/siliconlabs/simplicitystudio/v4/developer/toolchains/gnu_arm/4.9_2015q3/bin/../lib/gcc/arm-none-eabi/4.9.3/../../../../arm-none-eabi/lib/armv7e-m/softfp\libc.a(lib_a-mprec.o)
                0x0002be3c                _Balloc
 .text._Bfree   0x0002be88       0x14 c:/siliconlabs/simplicitystudio/v4/developer/toolchains/gnu_arm/4.9_2015q3/bin/../lib/gcc/arm-none-eabi/4.9.3/../../../../arm-none-eabi/lib/armv7e-m/softfp\libc.a(lib_a-mprec.o)
                0x0002be88                _Bfree
 .text.__multadd
                0x0002be9c       0x84 c:/siliconlabs/simplicitystudio/v4/developer/toolchains/gnu_arm/4.9_2015q3/bin/../lib/gcc/arm-none-eabi/4.9.3/../../../../arm-none-eabi/lib/armv7e-m/softfp\libc.a(lib_a-mprec.o)
                0x0002be9c                __multadd
 .text.__hi0bits
                0x0002bf20       0x40 c:/siliconlabs/simplicitystudio/v4/developer/toolchains/gnu_arm/4.9_2015q3/bin/../lib/gcc/arm-none-eabi/4.9.3/../../../../arm-none-eabi/lib/armv7e-m/softfp\libc.a(lib_a-mprec.o)
                0x0002bf20                __hi0bits
 .text.__lo0bits
                0x0002bf60       0x5c c:/siliconlabs/simplicitystudio/v4/developer/toolchains/gnu_arm/4.9_2015q3/bin/../lib/gcc/arm-none-eabi/4.9.3/../../../../arm-none-eabi/lib/armv7e-m/softfp\libc.a(lib_a-mprec.o)
                0x0002bf60                __lo0bits
 .text.__i2b    0x0002bfbc       0x14 c:/siliconlabs/simplicitystudio/v4/developer/toolchains/gnu_arm/4.9_2015q3/bin/../lib/gcc/arm-none-eabi/4.9.3/../../../../arm-none-eabi/lib/armv7e-m/softfp\libc.a(lib_a-mprec.o)
                0x0002bfbc                __i2b
 .text.__multiply
                0x0002bfd0      0x134 c:/siliconlabs/simplicitystudio/v4/developer/toolchains/gnu_arm/4.9_2015q3/bin/../lib/gcc/arm-none-eabi/4.9.3/../../../../arm-none-eabi/lib/armv7e-m/softfp\libc.a(lib_a-mprec.o)
                0x0002bfd0                __multiply
 .text.__pow5mult
                0x0002c104       0xa0 c:/siliconlabs/simplicitystudio/v4/developer/toolchains/gnu_arm/4.9_2015q3/bin/../lib/gcc/arm-none-eabi/4.9.3/../../../../arm-none-eabi/lib/armv7e-m/softfp\libc.a(lib_a-mprec.o)
                0x0002c104                __pow5mult
 .text.__lshift
                0x0002c1a4       0xac c:/siliconlabs/simplicitystudio/v4/developer/toolchains/gnu_arm/4.9_2015q3/bin/../lib/gcc/arm-none-eabi/4.9.3/../../../../arm-none-eabi/lib/armv7e-m/softfp\libc.a(lib_a-mprec.o)
                0x0002c1a4                __lshift
 .text.__mcmp   0x0002c250       0x48 c:/siliconlabs/simplicitystudio/v4/developer/toolchains/gnu_arm/4.9_2015q3/bin/../lib/gcc/arm-none-eabi/4.9.3/../../../../arm-none-eabi/lib/armv7e-m/softfp\libc.a(lib_a-mprec.o)
                0x0002c250                __mcmp
 .text.__mdiff  0x0002c298       0xd4 c:/siliconlabs/simplicitystudio/v4/developer/toolchains/gnu_arm/4.9_2015q3/bin/../lib/gcc/arm-none-eabi/4.9.3/../../../../arm-none-eabi/lib/armv7e-m/softfp\libc.a(lib_a-mprec.o)
                0x0002c298                __mdiff
 .text.__d2b    0x0002c36c       0xb8 c:/siliconlabs/simplicitystudio/v4/developer/toolchains/gnu_arm/4.9_2015q3/bin/../lib/gcc/arm-none-eabi/4.9.3/../../../../arm-none-eabi/lib/armv7e-m/softfp\libc.a(lib_a-mprec.o)
                0x0002c36c                __d2b
 .text.__fpclassifyd
                0x0002c424       0x58 c:/siliconlabs/simplicitystudio/v4/developer/toolchains/gnu_arm/4.9_2015q3/bin/../lib/gcc/arm-none-eabi/4.9.3/../../../../arm-none-eabi/lib/armv7e-m/softfp\libc.a(lib_a-s_fpclassify.o)
                0x0002c424                __fpclassifyd
 .text._sbrk_r  0x0002c47c       0x24 c:/siliconlabs/simplicitystudio/v4/developer/toolchains/gnu_arm/4.9_2015q3/bin/../lib/gcc/arm-none-eabi/4.9.3/../../../../arm-none-eabi/lib/armv7e-m/softfp\libc.a(lib_a-sbrkr.o)
                0x0002c47c                _sbrk_r
 .text.__ssprint_r
                0x0002c4a0      0x104 c:/siliconlabs/simplicitystudio/v4/developer/toolchains/gnu_arm/4.9_2015q3/bin/../lib/gcc/arm-none-eabi/4.9.3/../../../../arm-none-eabi/lib/armv7e-m/softfp\libc.a(lib_a-svfiprintf.o)
                0x0002c4a0                __ssprint_r
 .text.__register_exitproc
                0x0002c5a4       0xa4 c:/siliconlabs/simplicitystudio/v4/developer/toolchains/gnu_arm/4.9_2015q3/bin/../lib/gcc/arm-none-eabi/4.9.3/../../../../arm-none-eabi/lib/armv7e-m/softfp\libc.a(lib_a-__atexit.o)
                0x0002c5a4                __register_exitproc
 .text._calloc_r
                0x0002c648       0x60 c:/siliconlabs/simplicitystudio/v4/developer/toolchains/gnu_arm/4.9_2015q3/bin/../lib/gcc/arm-none-eabi/4.9.3/../../../../arm-none-eabi/lib/armv7e-m/softfp\libc.a(lib_a-callocr.o)
                0x0002c648                _calloc_r
 .text._malloc_trim_r
                0x0002c6a8       0x9c c:/siliconlabs/simplicitystudio/v4/developer/toolchains/gnu_arm/4.9_2015q3/bin/../lib/gcc/arm-none-eabi/4.9.3/../../../../arm-none-eabi/lib/armv7e-m/softfp\libc.a(lib_a-freer.o)
                0x0002c6a8                _malloc_trim_r
 .text._free_r  0x0002c744      0x1b0 c:/siliconlabs/simplicitystudio/v4/developer/toolchains/gnu_arm/4.9_2015q3/bin/../lib/gcc/arm-none-eabi/4.9.3/../../../../arm-none-eabi/lib/armv7e-m/softfp\libc.a(lib_a-freer.o)
                0x0002c744                _free_r
 .text.memmove  0x0002c8f4       0xc8 c:/siliconlabs/simplicitystudio/v4/developer/toolchains/gnu_arm/4.9_2015q3/bin/../lib/gcc/arm-none-eabi/4.9.3/../../../../arm-none-eabi/lib/armv7e-m/softfp\libc.a(lib_a-memmove.o)
                0x0002c8f4                memmove
 .text._realloc_r
                0x0002c9bc      0x3ec c:/siliconlabs/simplicitystudio/v4/developer/toolchains/gnu_arm/4.9_2015q3/bin/../lib/gcc/arm-none-eabi/4.9.3/../../../../arm-none-eabi/lib/armv7e-m/softfp\libc.a(lib_a-reallocr.o)
                0x0002c9bc                _realloc_r
 .text._sbrk    0x0002cda8       0x1c c:/siliconlabs/simplicitystudio/v4/developer/toolchains/gnu_arm/4.9_2015q3/bin/../lib/gcc/arm-none-eabi/4.9.3/../../../../arm-none-eabi/lib/armv7e-m/softfp\libnosys.a(sbrk.o)
                0x0002cda8                _sbrk
 .text._exit    0x0002cdc4        0x4 c:/siliconlabs/simplicitystudio/v4/developer/toolchains/gnu_arm/4.9_2015q3/bin/../lib/gcc/arm-none-eabi/4.9.3/../../../../arm-none-eabi/lib/armv7e-m/softfp\libnosys.a(_exit.o)
                0x0002cdc4                _exit
 .text          0x0002cdc8      0x110 c:/siliconlabs/simplicitystudio/v4/developer/toolchains/gnu_arm/4.9_2015q3/bin/../lib/gcc/arm-none-eabi/4.9.3/armv7e-m/softfp\libgcc.a(_arm_cmpdf2.o)
                0x0002cdc8                __gtdf2
                0x0002cdc8                __gedf2
                0x0002cdd0                __ltdf2
                0x0002cdd0                __ledf2
                0x0002cdd8                __nedf2
                0x0002cdd8                __eqdf2
                0x0002cdd8                __cmpdf2
                0x0002ce54                __aeabi_cdrcmple
                0x0002ce64                __aeabi_cdcmpeq
                0x0002ce64                __aeabi_cdcmple
                0x0002ce74                __aeabi_dcmpeq
                0x0002ce88                __aeabi_dcmplt
                0x0002ce9c                __aeabi_dcmple
                0x0002ceb0                __aeabi_dcmpge
                0x0002cec4                __aeabi_dcmpgt
 .text          0x0002ced8       0x50 c:/siliconlabs/simplicitystudio/v4/developer/toolchains/gnu_arm/4.9_2015q3/bin/../lib/gcc/arm-none-eabi/4.9.3/armv7e-m/softfp\libgcc.a(_arm_fixdfsi.o)
                0x0002ced8                __aeabi_d2iz
                0x0002ced8                __fixdfsi
 *(.init)
 .init          0x0002cf28        0x4 c:/siliconlabs/simplicitystudio/v4/developer/toolchains/gnu_arm/4.9_2015q3/bin/../lib/gcc/arm-none-eabi/4.9.3/armv7e-m/softfp/crti.o
                0x0002cf28                _init
 .init          0x0002cf2c        0x8 c:/siliconlabs/simplicitystudio/v4/developer/toolchains/gnu_arm/4.9_2015q3/bin/../lib/gcc/arm-none-eabi/4.9.3/armv7e-m/softfp/crtn.o
 *(.fini)
 .fini          0x0002cf34        0x4 c:/siliconlabs/simplicitystudio/v4/developer/toolchains/gnu_arm/4.9_2015q3/bin/../lib/gcc/arm-none-eabi/4.9.3/armv7e-m/softfp/crti.o
                0x0002cf34                _fini
 .fini          0x0002cf38        0x8 c:/siliconlabs/simplicitystudio/v4/developer/toolchains/gnu_arm/4.9_2015q3/bin/../lib/gcc/arm-none-eabi/4.9.3/armv7e-m/softfp/crtn.o
 *crtbegin.o(.ctors)
 *crtbegin?.o(.ctors)
 *(EXCLUDE_FILE(*crtend.o *crtend?.o) .ctors)
 *(SORT(.ctors.*))
 *(.ctors)
 *crtbegin.o(.dtors)
 *crtbegin?.o(.dtors)
 *(EXCLUDE_FILE(*crtend.o *crtend?.o) .dtors)
 *(SORT(.dtors.*))
 *(.dtors)
 *(.rodata*)
 .rodata.str1.4
                0x0002cf40       0x1f ./advertisement.o
 *fill*         0x0002cf5f        0x1 
 .rodata.str1.4
                0x0002cf60        0xf ./app.o
 *fill*         0x0002cf6f        0x1 
 .rodata.str1.4
                0x0002cf70       0x20 ./app_hw.o
 .rodata.str1.4
                0x0002cf90       0x57 ./app_ui.o
 *fill*         0x0002cfe7        0x1 
 .rodata.str1.4
                0x0002cfe8       0x17 ./beacon.o
 *fill*         0x0002cfff        0x1 
 .rodata.str1.4
                0x0002d000       0x21 ./htm.o
 *fill*         0x0002d021        0x3 
 .rodata.str1.4
                0x0002d024       0x45 ./ia.o
 *fill*         0x0002d069        0x3 
 .rodata.ptiInit
                0x0002d06c       0x24 ./main.o
 .rodata.config
                0x0002d090       0xe8 ./main.o
 .rodata.str1.4
                0x0002d178        0x4 ./main.o
 .rodata        0x0002d17c        0x4 ./bgapi/dmadrv.o
 .rodata.CSWTCH.45
                0x0002d180        0xc ./emlib/em_cmu.o
 .rodata.CSWTCH.46
                0x0002d18c       0x10 ./emlib/em_cmu.o
 .rodata.CSWTCH.47
                0x0002d19c       0x10 ./emlib/em_cmu.o
 .rodata.CSWTCH.48
                0x0002d1ac       0x10 ./emlib/em_cmu.o
 .rodata.i2cNSum
                0x0002d1bc        0x4 ./emlib/em_i2c.o
 .rodata.GLIB_FontNarrow6x8
                0x0002d1c0       0x10 ./glib/BRD4300C/glib_font_narrow_6x8.o
                0x0002d1c0                GLIB_FontNarrow6x8
 .rodata.GLIB_FontNarrow6x8PixMap
                0x0002d1d0      0x320 ./glib/BRD4300C/glib_font_narrow_6x8.o
 .rodata.GLIB_FontNormal8x8
                0x0002d4f0       0x10 ./glib/BRD4300C/glib_font_normal_8x8.o
                0x0002d4f0                GLIB_FontNormal8x8
 .rodata.GLIB_FontNormal8x8PixMap
                0x0002d500      0x320 ./glib/BRD4300C/glib_font_normal_8x8.o
 .rodata        0x0002d820       0x18 ./kit/BRD4300C/udelay.o
 .rodata.str1.4
                0x0002d838       0x15 ./kit_lcd/BRD4300C/displayls013b7dh03.o
 *fill*         0x0002d84d        0x3 
 .rodata        0x0002d850       0x24 ./kit_lcd/BRD4300C/displaypalemlib.o
 .rodata        0x0002d874       0x60 ./src/InitDevice.o
 .rodata        0x0002d8d4       0x78 C:/SiliconLabs/SimplicityStudio/v4/developer/sdks/gecko_sdk_suite/v1.0//protocol/bluetooth_2.3/lib/EFR32BG1B/GCC/bgapi.a(gecko_bgapi_hardware.c.obj)
 .rodata        0x0002d94c       0x30 C:/SiliconLabs/SimplicityStudio/v4/developer/sdks/gecko_sdk_suite/v1.0//protocol/bluetooth_2.3/lib/EFR32BG1B/GCC/bgapi.a(gecko_bgapi_test.c.obj)
 .rodata        0x0002d97c       0x18 C:/SiliconLabs/SimplicityStudio/v4/developer/sdks/gecko_sdk_suite/v1.0//protocol/bluetooth_2.3/lib/EFR32BG1B/GCC/bgapi.a(gecko_bgapi_util.c.obj)
 .rodata        0x0002d994       0x28 C:/SiliconLabs/SimplicityStudio/v4/developer/sdks/gecko_sdk_suite/v1.0//protocol/bluetooth_2.3/lib/EFR32BG1B/GCC/bgapi.a(gecko_bgapi_dfu.c.obj)
 .rodata        0x0002d9bc       0x70 C:/SiliconLabs/SimplicityStudio/v4/developer/sdks/gecko_sdk_suite/v1.0//protocol/bluetooth_2.3/lib/EFR32BG1B/GCC/bgapi.a(gecko_bgapi_gap.c.obj)
 .rodata        0x0002da2c       0xa0 C:/SiliconLabs/SimplicityStudio/v4/developer/sdks/gecko_sdk_suite/v1.0//protocol/bluetooth_2.3/lib/EFR32BG1B/GCC/bgapi.a(gecko_bgapi_gatt.c.obj)
 .rodata        0x0002dacc       0x48 C:/SiliconLabs/SimplicityStudio/v4/developer/sdks/gecko_sdk_suite/v1.0//protocol/bluetooth_2.3/lib/EFR32BG1B/GCC/bgapi.a(gecko_bgapi_gatt_server.c.obj)
 .rodata        0x0002db14       0x30 C:/SiliconLabs/SimplicityStudio/v4/developer/sdks/gecko_sdk_suite/v1.0//protocol/bluetooth_2.3/lib/EFR32BG1B/GCC/bgapi.a(gecko_bgapi_flash.c.obj)
 .rodata        0x0002db44       0x80 C:/SiliconLabs/SimplicityStudio/v4/developer/sdks/gecko_sdk_suite/v1.0//protocol/bluetooth_2.3/lib/EFR32BG1B/GCC/bgapi.a(gecko_bgapi_sm.c.obj)
 .rodata        0x0002dbc4       0x38 C:/SiliconLabs/SimplicityStudio/v4/developer/sdks/gecko_sdk_suite/v1.0//protocol/bluetooth_2.3/lib/EFR32BG1B/GCC/bgapi.a(gecko_bgapi_system.c.obj)
 .rodata        0x0002dbfc       0x38 C:/SiliconLabs/SimplicityStudio/v4/developer/sdks/gecko_sdk_suite/v1.0//protocol/bluetooth_2.3/lib/EFR32BG1B/GCC/bgapi.a(gecko_bgapi_endpoint.c.obj)
 .rodata        0x0002dc34       0x28 C:/SiliconLabs/SimplicityStudio/v4/developer/sdks/gecko_sdk_suite/v1.0//protocol/bluetooth_2.3/lib/EFR32BG1B/GCC/bgapi.a(gecko_bgapi_le_connection.c.obj)
 .rodata        0x0002dc5c       0x18 C:/SiliconLabs/SimplicityStudio/v4/developer/sdks/gecko_sdk_suite/v1.0//protocol/bluetooth_2.3/lib/EFR32BG1B/GCC/bgapi.a(bgapi_sm.c.obj)
 .rodata        0x0002dc74       0x18 C:/SiliconLabs/SimplicityStudio/v4/developer/sdks/gecko_sdk_suite/v1.0//protocol/bluetooth_2.3/lib/EFR32BG1B/GCC/bgapi.a(adc.c.obj)
 .rodata        0x0002dc8c       0x40 C:/SiliconLabs/SimplicityStudio/v4/developer/sdks/gecko_sdk_suite/v1.0//protocol/bluetooth_2.3/lib/EFR32BG1B/GCC/bgapi.a(gpio.c.obj)
 .rodata        0x0002dccc       0x10 C:/SiliconLabs/SimplicityStudio/v4/developer/sdks/gecko_sdk_suite/v1.0//protocol/bluetooth_2.3/lib/EFR32BG1B/GCC/bgapi.a(i2c.c.obj)
 .rodata        0x0002dcdc       0x60 C:/SiliconLabs/SimplicityStudio/v4/developer/sdks/gecko_sdk_suite/v1.0//protocol/bluetooth_2.3/lib/EFR32BG1B/GCC/bgapi.a(uart.c.obj)
 .rodata.str1.4
                0x0002dd3c        0x2 c:/siliconlabs/simplicitystudio/v4/developer/toolchains/gnu_arm/4.9_2015q3/bin/../lib/gcc/arm-none-eabi/4.9.3/../../../../arm-none-eabi/lib/armv7e-m/softfp\libc.a(lib_a-impure.o)
 *fill*         0x0002dd3e        0x2 
 .rodata._global_impure_ptr
                0x0002dd40        0x4 c:/siliconlabs/simplicitystudio/v4/developer/toolchains/gnu_arm/4.9_2015q3/bin/../lib/gcc/arm-none-eabi/4.9.3/../../../../arm-none-eabi/lib/armv7e-m/softfp\libc.a(lib_a-impure.o)
                0x0002dd40                _global_impure_ptr
 .rodata.zeroes.6911
                0x0002dd44       0x10 c:/siliconlabs/simplicitystudio/v4/developer/toolchains/gnu_arm/4.9_2015q3/bin/../lib/gcc/arm-none-eabi/4.9.3/../../../../arm-none-eabi/lib/armv7e-m/softfp\libc.a(lib_a-svfprintf.o)
 .rodata.blanks.6910
                0x0002dd54       0x10 c:/siliconlabs/simplicitystudio/v4/developer/toolchains/gnu_arm/4.9_2015q3/bin/../lib/gcc/arm-none-eabi/4.9.3/../../../../arm-none-eabi/lib/armv7e-m/softfp\libc.a(lib_a-svfprintf.o)
 .rodata.str1.4
                0x0002dd64       0x42 c:/siliconlabs/simplicitystudio/v4/developer/toolchains/gnu_arm/4.9_2015q3/bin/../lib/gcc/arm-none-eabi/4.9.3/../../../../arm-none-eabi/lib/armv7e-m/softfp\libc.a(lib_a-svfprintf.o)
 *fill*         0x0002dda6        0x2 
 .rodata.str1.4
                0x0002dda8       0x10 c:/siliconlabs/simplicitystudio/v4/developer/toolchains/gnu_arm/4.9_2015q3/bin/../lib/gcc/arm-none-eabi/4.9.3/../../../../arm-none-eabi/lib/armv7e-m/softfp\libc.a(lib_a-dtoa.o)
                                 0x12 (size before relaxing)
 .rodata.str1.4
                0x0002ddb8        0xc c:/siliconlabs/simplicitystudio/v4/developer/toolchains/gnu_arm/4.9_2015q3/bin/../lib/gcc/arm-none-eabi/4.9.3/../../../../arm-none-eabi/lib/armv7e-m/softfp\libc.a(lib_a-locale.o)
                                 0x12 (size before relaxing)
 *fill*         0x0002ddc4        0x4 
 .rodata.__mprec_tens
                0x0002ddc8       0xc8 c:/siliconlabs/simplicitystudio/v4/developer/toolchains/gnu_arm/4.9_2015q3/bin/../lib/gcc/arm-none-eabi/4.9.3/../../../../arm-none-eabi/lib/armv7e-m/softfp\libc.a(lib_a-mprec.o)
                0x0002ddc8                __mprec_tens
 .rodata.p05.5302
                0x0002de90        0xc c:/siliconlabs/simplicitystudio/v4/developer/toolchains/gnu_arm/4.9_2015q3/bin/../lib/gcc/arm-none-eabi/4.9.3/../../../../arm-none-eabi/lib/armv7e-m/softfp\libc.a(lib_a-mprec.o)
 *fill*         0x0002de9c        0x4 
 .rodata.__mprec_bigtens
                0x0002dea0       0x28 c:/siliconlabs/simplicitystudio/v4/developer/toolchains/gnu_arm/4.9_2015q3/bin/../lib/gcc/arm-none-eabi/4.9.3/../../../../arm-none-eabi/lib/armv7e-m/softfp\libc.a(lib_a-mprec.o)
                0x0002dea0                __mprec_bigtens
 *(.eh_frame*)
 .eh_frame      0x0002dec8        0x0 c:/siliconlabs/simplicitystudio/v4/developer/toolchains/gnu_arm/4.9_2015q3/bin/../lib/gcc/arm-none-eabi/4.9.3/armv7e-m/softfp/crtbegin.o
 .eh_frame      0x0002dec8        0x0 c:/siliconlabs/simplicitystudio/v4/developer/toolchains/gnu_arm/4.9_2015q3/bin/../lib/gcc/arm-none-eabi/4.9.3/../../../../arm-none-eabi/lib/armv7e-m/softfp\libc.a(lib_a-strcmp.o)
                                 0x70 (size before relaxing)
 .eh_frame      0x0002dec8        0x4 c:/siliconlabs/simplicitystudio/v4/developer/toolchains/gnu_arm/4.9_2015q3/bin/../lib/gcc/arm-none-eabi/4.9.3/armv7e-m/softfp/crtend.o
                0x0002decc                . = ALIGN (0x4)

.glue_7         0x0002decc        0x0
 .glue_7        0x00000000        0x0 linker stubs

.glue_7t        0x0002decc        0x0
 .glue_7t       0x00000000        0x0 linker stubs

.vfp11_veneer   0x0002decc        0x0
 .vfp11_veneer  0x00000000        0x0 linker stubs

.v4_bx          0x0002decc        0x0
 .v4_bx         0x00000000        0x0 linker stubs

.iplt           0x0002decc        0x0
 .iplt          0x00000000        0x0 c:/siliconlabs/simplicitystudio/v4/developer/toolchains/gnu_arm/4.9_2015q3/bin/../lib/gcc/arm-none-eabi/4.9.3/armv7e-m/softfp/crtbegin.o

.igot.plt       0x0002decc        0x0
 .igot.plt      0x00000000        0x0 c:/siliconlabs/simplicitystudio/v4/developer/toolchains/gnu_arm/4.9_2015q3/bin/../lib/gcc/arm-none-eabi/4.9.3/armv7e-m/softfp/crtbegin.o

.text_app_ARM.extab
 *(.ARM.extab* .gnu.linkonce.armextab.*)
                0x0002decc                __exidx_start = .

.text_app_ARM.exidx
                0x0002decc        0x8
 *(.ARM.exidx* .gnu.linkonce.armexidx.*)
 .ARM.exidx     0x0002decc        0x8 c:/siliconlabs/simplicitystudio/v4/developer/toolchains/gnu_arm/4.9_2015q3/bin/../lib/gcc/arm-none-eabi/4.9.3/../../../../arm-none-eabi/lib/armv7e-m/softfp/crt0.o
 .ARM.exidx     0x0002ded4        0x0 c:/siliconlabs/simplicitystudio/v4/developer/toolchains/gnu_arm/4.9_2015q3/bin/../lib/gcc/arm-none-eabi/4.9.3/armv7e-m/softfp\libgcc.a(_divdi3.o)
                                  0x8 (size before relaxing)
 .ARM.exidx     0x0002ded4        0x0 c:/siliconlabs/simplicitystudio/v4/developer/toolchains/gnu_arm/4.9_2015q3/bin/../lib/gcc/arm-none-eabi/4.9.3/armv7e-m/softfp\libgcc.a(_udivdi3.o)
                                  0x8 (size before relaxing)
                0x0002ded4                __exidx_end = .
                0x0002ded4                __etext = .

.rel.dyn        0x0002ded4        0x0
 .rel.iplt      0x00000000        0x0 c:/siliconlabs/simplicitystudio/v4/developer/toolchains/gnu_arm/4.9_2015q3/bin/../lib/gcc/arm-none-eabi/4.9.3/armv7e-m/softfp/crtbegin.o

.text_app_data  0x20003000      0x96c load address 0x0002ded4
                0x20003000                __data_start__ = .
 *(vtable)
 *(.data*)
 .data.advConnectableMode
                0x20003000        0x1 ./advertisement.o
 *fill*         0x20003001        0x3 
 .data.appUiLedSeqHighAlertReq
                0x20003004        0x8 ./app_ui.o
 .data.appUiLedSeqLowAlertReq
                0x2000300c        0x8 ./app_ui.o
 .data.appUiLedSeqHighAlert
                0x20003014        0x8 ./app_ui.o
 .data.activeReq.8870
                0x2000301c        0x4 ./app_ui.o
 .data.appUiLedSeqLowAlert
                0x20003020       0x20 ./app_ui.o
 .data.button0Released.8874
                0x20003040        0x1 ./app_ui.o
 *fill*         0x20003041        0x3 
 .data.appUiLedSeqOffReq
                0x20003044        0x8 ./app_ui.o
 .data.button1Released.8875
                0x2000304c        0x1 ./app_ui.o
 *fill*         0x2000304d        0x3 
 .data.bcnBeaconAdvData
                0x20003050       0x1e ./beacon.o
 *fill*         0x2000306e        0x2 
 .data.bg_gattdb_data_attribute_field_22_data
                0x20003070        0x2 ./gatt_db.o
                0x20003070                bg_gattdb_data_attribute_field_22_data
 *fill*         0x20003072        0x2 
 .data.bg_gattdb_data_attribute_field_6_data
                0x20003074        0x7 ./gatt_db.o
                0x20003074                bg_gattdb_data_attribute_field_6_data
 *fill*         0x2000307b        0x1 
 .data.bg_gattdb_data_attribute_field_17_data
                0x2000307c        0x1 ./gatt_db.o
                0x2000307c                bg_gattdb_data_attribute_field_17_data
 *fill*         0x2000307d        0x3 
 .data.htmDateTime
                0x20003080        0x8 ./htm.o
 .data.htmTempMeas
                0x20003088       0x10 ./htm.o
 .data.htmClientConnection
                0x20003098        0x1 ./htm.o
 *fill*         0x20003099        0x3 
 .data.auxHfrcoFreq
                0x2000309c        0x4 ./emlib/em_cmu.o
 .data.loops_per_jiffy
                0x200030a0        0x4 ./kit/BRD4300C/udelay.o
                0x200030a0                loops_per_jiffy
 .data.pDisplayDeviceDriverInitFunctions
                0x200030a4        0x8 ./kit_lcd/BRD4300C/display.o
 .data.pixelMatrixPool
                0x200030ac        0x4 ./kit_lcd/BRD4300C/displayls013b7dh03.o
 .data          0x200030b0        0x1 C:/SiliconLabs/SimplicityStudio/v4/developer/sdks/gecko_sdk_suite/v1.0//protocol/bluetooth_2.3/lib/EFR32BG1B/GCC/bgapi.a(bgapi_endpoint.c.obj)
 *fill*         0x200030b1        0x3 
 .data          0x200030b4       0x30 C:/SiliconLabs/SimplicityStudio/v4/developer/sdks/gecko_sdk_suite/v1.0//protocol/bluetooth_2.3/lib/EFR32BG1B/GCC/bgapi.a(adc.c.obj)
 *fill*         0x200030e4        0x4 
 .data.impure_data
                0x200030e8      0x428 c:/siliconlabs/simplicitystudio/v4/developer/toolchains/gnu_arm/4.9_2015q3/bin/../lib/gcc/arm-none-eabi/4.9.3/../../../../arm-none-eabi/lib/armv7e-m/softfp\libc.a(lib_a-impure.o)
 .data._impure_ptr
                0x20003510        0x4 c:/siliconlabs/simplicitystudio/v4/developer/toolchains/gnu_arm/4.9_2015q3/bin/../lib/gcc/arm-none-eabi/4.9.3/../../../../arm-none-eabi/lib/armv7e-m/softfp\libc.a(lib_a-impure.o)
                0x20003510                _impure_ptr
 .data.lconv    0x20003514       0x38 c:/siliconlabs/simplicitystudio/v4/developer/toolchains/gnu_arm/4.9_2015q3/bin/../lib/gcc/arm-none-eabi/4.9.3/../../../../arm-none-eabi/lib/armv7e-m/softfp\libc.a(lib_a-locale.o)
 .data.__malloc_av_
                0x2000354c      0x408 c:/siliconlabs/simplicitystudio/v4/developer/toolchains/gnu_arm/4.9_2015q3/bin/../lib/gcc/arm-none-eabi/4.9.3/../../../../arm-none-eabi/lib/armv7e-m/softfp\libc.a(lib_a-mallocr.o)
                0x2000354c                __malloc_av_
 .data.__malloc_trim_threshold
                0x20003954        0x4 c:/siliconlabs/simplicitystudio/v4/developer/toolchains/gnu_arm/4.9_2015q3/bin/../lib/gcc/arm-none-eabi/4.9.3/../../../../arm-none-eabi/lib/armv7e-m/softfp\libc.a(lib_a-mallocr.o)
                0x20003954                __malloc_trim_threshold
 .data.__malloc_sbrk_base
                0x20003958        0x4 c:/siliconlabs/simplicitystudio/v4/developer/toolchains/gnu_arm/4.9_2015q3/bin/../lib/gcc/arm-none-eabi/4.9.3/../../../../arm-none-eabi/lib/armv7e-m/softfp\libc.a(lib_a-mallocr.o)
                0x20003958                __malloc_sbrk_base
                0x2000395c                . = ALIGN (0x4)
 *(.ram)
                0x2000395c                . = ALIGN (0x4)
                0x2000395c                PROVIDE (__preinit_array_start, .)
 *(.preinit_array)
                0x2000395c                PROVIDE (__preinit_array_end, .)
                0x2000395c                . = ALIGN (0x4)
                0x2000395c                PROVIDE (__init_array_start, .)
 *(SORT(.init_array.*))
 .init_array.00000
                0x2000395c        0x4 c:/siliconlabs/simplicitystudio/v4/developer/toolchains/gnu_arm/4.9_2015q3/bin/../lib/gcc/arm-none-eabi/4.9.3/../../../../arm-none-eabi/lib/armv7e-m/softfp\libc.a(lib_a-__call_atexit.o)
 *(.init_array)
 .init_array    0x20003960        0x4 c:/siliconlabs/simplicitystudio/v4/developer/toolchains/gnu_arm/4.9_2015q3/bin/../lib/gcc/arm-none-eabi/4.9.3/armv7e-m/softfp/crtbegin.o
                0x20003964                PROVIDE (__init_array_end, .)
                0x20003964                . = ALIGN (0x4)
                0x20003964                PROVIDE (__fini_array_start, .)
 *(SORT(.fini_array.*))
 *(.fini_array)
 .fini_array    0x20003964        0x4 c:/siliconlabs/simplicitystudio/v4/developer/toolchains/gnu_arm/4.9_2015q3/bin/../lib/gcc/arm-none-eabi/4.9.3/armv7e-m/softfp/crtbegin.o
                0x20003968                PROVIDE (__fini_array_end, .)
 *(.jcr*)
 .jcr           0x20003968        0x0 c:/siliconlabs/simplicitystudio/v4/developer/toolchains/gnu_arm/4.9_2015q3/bin/../lib/gcc/arm-none-eabi/4.9.3/armv7e-m/softfp/crtbegin.o
 .jcr           0x20003968        0x4 c:/siliconlabs/simplicitystudio/v4/developer/toolchains/gnu_arm/4.9_2015q3/bin/../lib/gcc/arm-none-eabi/4.9.3/armv7e-m/softfp/crtend.o
                0x2000396c                . = ALIGN (0x4)
                0x2000396c                __data_end__ = .

.bss            0x2000396c     0x2640 load address 0x0002e840
                0x2000396c                . = ALIGN (0x4)
                0x2000396c                __bss_start__ = .
 *(.bss*)
 .bss           0x2000396c       0x1c c:/siliconlabs/simplicitystudio/v4/developer/toolchains/gnu_arm/4.9_2015q3/bin/../lib/gcc/arm-none-eabi/4.9.3/armv7e-m/softfp/crtbegin.o
 .bss.advIsConnected
                0x20003988        0x1 ./advertisement.o
 .bss.boot_to_dfu.8707
                0x20003989        0x1 ./app.o
 .bss.si7013_status
                0x2000398a        0x1 ./app_hw.o
 *fill*         0x2000398b        0x1 
 .bss.appUiLedSeqReq
                0x2000398c        0x4 ./app_ui.o
 .bss.button1Time.8877
                0x20003990        0x2 ./app_ui.o
 .bss.pos.8869  0x20003992        0x1 ./app_ui.o
 .bss.appUiRcDischargeDone.8862
                0x20003993        0x1 ./app_ui.o
 .bss.appUiHeaderString
                0x20003994       0x58 ./app_ui.o
 .bss.appUiBtn  0x200039ec        0x4 ./app_ui.o
 .bss.button0Time.8876
                0x200039f0        0x2 ./app_ui.o
 *fill*         0x200039f2        0x2 
 .bss.appUiLedSeqOff
                0x200039f4        0x2 ./app_ui.o
 *fill*         0x200039f6        0x2 
 .bss.bg_gattdb_data_attribute_field_14_data
                0x200039f8        0xd ./gatt_db.o
                0x200039f8                bg_gattdb_data_attribute_field_14_data
 *fill*         0x20003a05        0x3 
 .bss.bg_gattdb_data_attribute_field_2_data
                0x20003a08        0x4 ./gatt_db.o
                0x20003a08                bg_gattdb_data_attribute_field_2_data
 .bss.bg_gattdb_data_attribute_field_25_data
                0x20003a0c       0x14 ./gatt_db.o
                0x20003a0c                bg_gattdb_data_attribute_field_25_data
 .bss.bg_gattdb_data_attribute_field_31_data
                0x20003a20       0x14 ./gatt_db.o
                0x20003a20                bg_gattdb_data_attribute_field_31_data
 .bss.bg_gattdb_data_attribute_field_19_data
                0x20003a34        0xd ./gatt_db.o
                0x20003a34                bg_gattdb_data_attribute_field_19_data
 *fill*         0x20003a41        0x3 
 .bss.deviceHeader
                0x20003a44        0x4 ./graphics.o
 .bss.glibContext
                0x20003a48       0x2c ./graphics.o
 .bss.graphLineNum
                0x20003a74        0x1 ./graphics.o
 *fill*         0x20003a75        0x3 
 .bss.chTable   0x20003a78       0xa0 ./bgapi/dmadrv.o
 .bss.initialized
                0x20003b18        0x1 ./bgapi/dmadrv.o
 *fill*         0x20003b19        0x3 
 .bss.dmaXfer   0x20003b1c      0x100 ./bgapi/dmadrv.o
 .bss.dcdcEm01LoadCurrent_mA
                0x20003c1c        0x2 ./emlib/em_emu.o
 .bss.dcdcReverseCurrentControl
                0x20003c1e        0x2 ./emlib/em_emu.o
 .bss.dcdcMaxCurrent_mA
                0x20003c20        0x2 ./emlib/em_emu.o
 *fill*         0x20003c22        0x2 
 .bss.errataFixDcdcHsState
                0x20003c24        0x4 ./emlib/em_emu.o
 .bss.i2cTransfer
                0x20003c28       0x10 ./emlib/em_i2c.o
 .bss.pixelMatrixBuffer
                0x20003c38        0x4 ./glib/BRD4300C/dmd_display.o
 .bss.displayDevice
                0x20003c3c       0x30 ./glib/BRD4300C/dmd_display.o
 .bss.dimensions
                0x20003c6c        0xc ./glib/BRD4300C/dmd_display.o
 .bss.moduleInitialized
                0x20003c78        0x1 ./glib/BRD4300C/dmd_display.o
 *fill*         0x20003c79        0x3 
 .bss.devicesRegistered
                0x20003c7c        0x4 ./kit_lcd/BRD4300C/display.o
 .bss.deviceTable
                0x20003c80       0x30 ./kit_lcd/BRD4300C/display.o
 .bss.moduleInitialized
                0x20003cb0        0x1 ./kit_lcd/BRD4300C/display.o
 *fill*         0x20003cb1        0x3 
 .bss.pixelMatrixPoolBase
                0x20003cb4      0x800 ./kit_lcd/BRD4300C/displayls013b7dh03.o
 .bss           0x200044b4      0x100 C:/SiliconLabs/SimplicityStudio/v4/developer/sdks/gecko_sdk_suite/v1.0//protocol/bluetooth_2.3/lib/EFR32BG1B/GCC/bgapi.a(bgapi_hardware_lib.c.obj)
 .bss           0x200045b4        0x4 C:/SiliconLabs/SimplicityStudio/v4/developer/sdks/gecko_sdk_suite/v1.0//protocol/bluetooth_2.3/lib/EFR32BG1B/GCC/bgapi.a(bgapi_hardware.c.obj)
 .bss           0x200045b8       0x10 C:/SiliconLabs/SimplicityStudio/v4/developer/sdks/gecko_sdk_suite/v1.0//protocol/bluetooth_2.3/lib/EFR32BG1B/GCC/bgapi.a(bgapi_util.c.obj)
 .bss           0x200045c8        0x2 C:/SiliconLabs/SimplicityStudio/v4/developer/sdks/gecko_sdk_suite/v1.0//protocol/bluetooth_2.3/lib/EFR32BG1B/GCC/bgapi.a(bgapi_gap.c.obj)
                0x200045c8                legacy_maxadv_events
 *fill*         0x200045ca        0x2 
 .bss           0x200045cc        0x4 C:/SiliconLabs/SimplicityStudio/v4/developer/sdks/gecko_sdk_suite/v1.0//protocol/bluetooth_2.3/lib/EFR32BG1B/GCC/bgapi.a(bgapi_sm.c.obj)
 .bss           0x200045d0        0xc C:/SiliconLabs/SimplicityStudio/v4/developer/sdks/gecko_sdk_suite/v1.0//protocol/bluetooth_2.3/lib/EFR32BG1B/GCC/bgapi.a(bgapi_endpoint.c.obj)
 .bss           0x200045dc        0x4 C:/SiliconLabs/SimplicityStudio/v4/developer/sdks/gecko_sdk_suite/v1.0//protocol/bluetooth_2.3/lib/EFR32BG1B/GCC/bgapi.a(adc.c.obj)
 .bss           0x200045e0        0x2 C:/SiliconLabs/SimplicityStudio/v4/developer/sdks/gecko_sdk_suite/v1.0//protocol/bluetooth_2.3/lib/EFR32BG1B/GCC/bgapi.a(i2c.c.obj)
 *fill*         0x200045e2        0x2 
 .bss           0x200045e4       0x2c C:/SiliconLabs/SimplicityStudio/v4/developer/sdks/gecko_sdk_suite/v1.0//protocol/bluetooth_2.3/lib/EFR32BG1B/GCC/bgapi.a(sleep_signal.c.obj)
                0x200045f8                sleep_signal_mask
                0x2000460c                host_wakeup_signal_mask
 .bss           0x20004610       0x70 C:/SiliconLabs/SimplicityStudio/v4/developer/sdks/gecko_sdk_suite/v1.0//protocol/bluetooth_2.3/lib/EFR32BG1B/GCC/bgapi.a(uart.c.obj)
 .bss.__malloc_max_total_mem
                0x20004680        0x4 c:/siliconlabs/simplicitystudio/v4/developer/toolchains/gnu_arm/4.9_2015q3/bin/../lib/gcc/arm-none-eabi/4.9.3/../../../../arm-none-eabi/lib/armv7e-m/softfp\libc.a(lib_a-mallocr.o)
                0x20004680                __malloc_max_total_mem
 .bss.__malloc_max_sbrked_mem
                0x20004684        0x4 c:/siliconlabs/simplicitystudio/v4/developer/toolchains/gnu_arm/4.9_2015q3/bin/../lib/gcc/arm-none-eabi/4.9.3/../../../../arm-none-eabi/lib/armv7e-m/softfp\libc.a(lib_a-mallocr.o)
                0x20004684                __malloc_max_sbrked_mem
 .bss.__malloc_top_pad
                0x20004688        0x4 c:/siliconlabs/simplicitystudio/v4/developer/toolchains/gnu_arm/4.9_2015q3/bin/../lib/gcc/arm-none-eabi/4.9.3/../../../../arm-none-eabi/lib/armv7e-m/softfp\libc.a(lib_a-mallocr.o)
                0x20004688                __malloc_top_pad
 .bss.__malloc_current_mallinfo
                0x2000468c       0x28 c:/siliconlabs/simplicitystudio/v4/developer/toolchains/gnu_arm/4.9_2015q3/bin/../lib/gcc/arm-none-eabi/4.9.3/../../../../arm-none-eabi/lib/armv7e-m/softfp\libc.a(lib_a-mallocr.o)
                0x2000468c                __malloc_current_mallinfo
 .bss.heap_end.4079
                0x200046b4        0x4 c:/siliconlabs/simplicitystudio/v4/developer/toolchains/gnu_arm/4.9_2015q3/bin/../lib/gcc/arm-none-eabi/4.9.3/../../../../arm-none-eabi/lib/armv7e-m/softfp\libnosys.a(sbrk.o)
 *(COMMON)
 COMMON         0x200046b8     0x18d0 ./main.o
                0x200046b8                bluetooth_stack_heap
 COMMON         0x20005f88       0x10 ./glib/BRD4300C/dmd_display.o
                0x20005f88                dirtyRows
 COMMON         0x20005f98        0xc C:/SiliconLabs/SimplicityStudio/v4/developer/sdks/gecko_sdk_suite/v1.0//protocol/bluetooth_2.3/lib/EFR32BG1B/GCC/bgapi.a(uart_endpoint.c.obj)
                0x20005f98                uarts
 COMMON         0x20005fa4        0x1 C:/SiliconLabs/SimplicityStudio/v4/developer/sdks/gecko_sdk_suite/v1.0//protocol/bluetooth_2.3/lib/EFR32BG1B/GCC/bgapi.a(gpio.c.obj)
                0x20005fa4                gpio_events
 *fill*         0x20005fa5        0x3 
 COMMON         0x20005fa8        0x4 c:/siliconlabs/simplicitystudio/v4/developer/toolchains/gnu_arm/4.9_2015q3/bin/../lib/gcc/arm-none-eabi/4.9.3/../../../../arm-none-eabi/lib/armv7e-m/softfp\libc.a(lib_a-reent.o)
                0x20005fa8                errno
                0x20005fac                . = ALIGN (0x4)
                0x20005fac                __bss_end__ = .

.heap           0x20005fb0      0xc00
                0x20005fb0                __HeapBase = .
                0x20005fb0                __end__ = .
                0x20005fb0                end = __end__
                0x20005fb0                _end = __end__
 *(.heap*)
 .heap          0x20005fb0      0xc00 ./device/EFR32_B_1_1_B/gcc/startup_efr32bg1b.o
                0x20006bb0                __HeapLimit = .

.stack_dummy    0x20006bb0      0x400
 *(.stack*)
 .stack         0x20006bb0      0x400 ./device/EFR32_B_1_1_B/gcc/startup_efr32bg1b.o
                0x20007bfc                __StackTop = (ORIGIN (RAM) + 0x4bfc)
                0x200077fc                __StackLimit = (__StackTop - SIZEOF (.stack_dummy))
                0x20007bfc                PROVIDE (__stack, __StackTop)
                0x00000001                ASSERT ((__StackLimit >= __HeapLimit), region RAM overflowed with stack)
OUTPUT(A0-MultiProject.axf elf32-littlearm)

.ARM.attributes
                0x00000000       0x2e
 .ARM.attributes
                0x00000000       0x22 c:/siliconlabs/simplicitystudio/v4/developer/toolchains/gnu_arm/4.9_2015q3/bin/../lib/gcc/arm-none-eabi/4.9.3/armv7e-m/softfp/crti.o
 .ARM.attributes
                0x00000022       0x32 c:/siliconlabs/simplicitystudio/v4/developer/toolchains/gnu_arm/4.9_2015q3/bin/../lib/gcc/arm-none-eabi/4.9.3/armv7e-m/softfp/crtbegin.o
 .ARM.attributes
                0x00000054       0x20 c:/siliconlabs/simplicitystudio/v4/developer/toolchains/gnu_arm/4.9_2015q3/bin/../lib/gcc/arm-none-eabi/4.9.3/../../../../arm-none-eabi/lib/armv7e-m/softfp/crt0.o
 .ARM.attributes
                0x00000074       0x37 ./advertisement.o
 .ARM.attributes
                0x000000ab       0x37 ./app.o
 .ARM.attributes
                0x000000e2       0x37 ./app_hw.o
 .ARM.attributes
                0x00000119       0x37 ./app_ui.o
 .ARM.attributes
                0x00000150       0x37 ./beacon.o
 .ARM.attributes
                0x00000187       0x37 ./gatt_db.o
 .ARM.attributes
                0x000001be       0x37 ./graphics.o
 .ARM.attributes
                0x000001f5       0x37 ./htm.o
 .ARM.attributes
                0x0000022c       0x37 ./ia.o
 .ARM.attributes
                0x00000263       0x37 ./main.o
 .ARM.attributes
                0x0000029a       0x37 ./bgapi/dmadrv.o
 .ARM.attributes
                0x000002d1       0x37 ./bgapi/em_adc.o
 .ARM.attributes
                0x00000308       0x37 ./bgapi/em_ldma.o
 .ARM.attributes
                0x0000033f       0x37 ./bgapi/em_leuart.o
 .ARM.attributes
                0x00000376       0x37 ./device/EFR32_B_1_1_B/gcc/startup_efr32bg1b.o
 .ARM.attributes
                0x000003ad       0x37 ./emlib/em_cmu.o
 .ARM.attributes
                0x000003e4       0x37 ./emlib/em_emu.o
 .ARM.attributes
                0x0000041b       0x37 ./emlib/em_gpio.o
 .ARM.attributes
                0x00000452       0x37 ./emlib/em_i2c.o
 .ARM.attributes
                0x00000489       0x37 ./emlib/em_rtcc.o
 .ARM.attributes
                0x000004c0       0x37 ./emlib/em_system.o
 .ARM.attributes
                0x000004f7       0x37 ./emlib/em_usart.o
 .ARM.attributes
                0x0000052e       0x37 ./glib/BRD4300C/dmd_display.o
 .ARM.attributes
                0x00000565       0x37 ./glib/BRD4300C/glib.o
 .ARM.attributes
                0x0000059c       0x37 ./glib/BRD4300C/glib_font_narrow_6x8.o
 .ARM.attributes
                0x000005d3       0x37 ./glib/BRD4300C/glib_font_normal_8x8.o
 .ARM.attributes
                0x0000060a       0x37 ./glib/BRD4300C/glib_rectangle.o
 .ARM.attributes
                0x00000641       0x37 ./glib/BRD4300C/glib_string.o
 .ARM.attributes
                0x00000678       0x37 ./kit/BRD4300C/i2cspm.o
 .ARM.attributes
                0x000006af       0x37 ./kit/BRD4300C/si7013.o
 .ARM.attributes
                0x000006e6       0x37 ./kit/BRD4300C/udelay.o
 .ARM.attributes
                0x0000071d       0x37 ./kit_lcd/BRD4300C/display.o
 .ARM.attributes
                0x00000754       0x37 ./kit_lcd/BRD4300C/displayls013b7dh03.o
 .ARM.attributes
                0x0000078b       0x37 ./kit_lcd/BRD4300C/displaypalemlib.o
 .ARM.attributes
                0x000007c2       0x37 ./src/InitDevice.o
 .ARM.attributes
                0x000007f9       0x1c C:/SiliconLabs/SimplicityStudio/v4/developer/sdks/gecko_sdk_suite/v1.0//protocol/bluetooth_2.3/lib/EFR32BG1B/EABI/binbootloader.o
 .ARM.attributes
                0x00000815       0x37 C:/SiliconLabs/SimplicityStudio/v4/developer/sdks/gecko_sdk_suite/v1.0//protocol/bluetooth_2.3/lib/EFR32BG1B/GCC/bgapi.a(gecko_bgapi_hardware.c.obj)
 .ARM.attributes
                0x0000084c       0x37 C:/SiliconLabs/SimplicityStudio/v4/developer/sdks/gecko_sdk_suite/v1.0//protocol/bluetooth_2.3/lib/EFR32BG1B/GCC/bgapi.a(gecko_bgapi_test.c.obj)
 .ARM.attributes
                0x00000883       0x37 C:/SiliconLabs/SimplicityStudio/v4/developer/sdks/gecko_sdk_suite/v1.0//protocol/bluetooth_2.3/lib/EFR32BG1B/GCC/bgapi.a(gecko_bgapi_util.c.obj)
 .ARM.attributes
                0x000008ba       0x37 C:/SiliconLabs/SimplicityStudio/v4/developer/sdks/gecko_sdk_suite/v1.0//protocol/bluetooth_2.3/lib/EFR32BG1B/GCC/bgapi.a(gecko_bgapi_dfu.c.obj)
 .ARM.attributes
                0x000008f1       0x37 C:/SiliconLabs/SimplicityStudio/v4/developer/sdks/gecko_sdk_suite/v1.0//protocol/bluetooth_2.3/lib/EFR32BG1B/GCC/bgapi.a(gecko_bgapi_gap.c.obj)
 .ARM.attributes